Archive member included to satisfy reference by file (symbol)

..\servo\libpico_servo.a(servo.c.obj)
                              CMakeFiles\tambourduine.dir\tambourduine.c.obj (set_ms)
c:/progra~2/gnuarm~1/102021~1.10/bin/../lib/gcc/arm-none-eabi/10.3.1/thumb/v6-m/nofp\libgcc.a(_dvmd_tls.o)
                              CMakeFiles\tambourduine.dir\C_\Pico\pico-sdk\src\rp2_common\pico_divider\divider.S.obj (__aeabi_idiv0)
c:/progra~2/gnuarm~1/102021~1.10/bin/../lib/gcc/arm-none-eabi/10.3.1/../../../../arm-none-eabi/lib/thumb/v6-m/nofp\libc.a(lib_a-calloc.o)
                              CMakeFiles\tambourduine.dir\C_\Pico\pico-sdk\src\rp2_common\pico_malloc\pico_malloc.c.obj (calloc)
c:/progra~2/gnuarm~1/102021~1.10/bin/../lib/gcc/arm-none-eabi/10.3.1/../../../../arm-none-eabi/lib/thumb/v6-m/nofp\libc.a(lib_a-callocr.o)
                              c:/progra~2/gnuarm~1/102021~1.10/bin/../lib/gcc/arm-none-eabi/10.3.1/../../../../arm-none-eabi/lib/thumb/v6-m/nofp\libc.a(lib_a-calloc.o) (_calloc_r)
c:/progra~2/gnuarm~1/102021~1.10/bin/../lib/gcc/arm-none-eabi/10.3.1/../../../../arm-none-eabi/lib/thumb/v6-m/nofp\libc.a(lib_a-errno.o)
                              c:/progra~2/gnuarm~1/102021~1.10/bin/../lib/gcc/arm-none-eabi/10.3.1/../../../../arm-none-eabi/lib/thumb/v6-m/nofp\libc.a(lib_a-callocr.o) (__errno)
c:/progra~2/gnuarm~1/102021~1.10/bin/../lib/gcc/arm-none-eabi/10.3.1/../../../../arm-none-eabi/lib/thumb/v6-m/nofp\libc.a(lib_a-impure.o)
                              c:/progra~2/gnuarm~1/102021~1.10/bin/../lib/gcc/arm-none-eabi/10.3.1/../../../../arm-none-eabi/lib/thumb/v6-m/nofp\libc.a(lib_a-calloc.o) (_impure_ptr)
c:/progra~2/gnuarm~1/102021~1.10/bin/../lib/gcc/arm-none-eabi/10.3.1/../../../../arm-none-eabi/lib/thumb/v6-m/nofp\libc.a(lib_a-init.o)
                              c:/progra~2/gnuarm~1/102021~1.10/bin/../lib/gcc/arm-none-eabi/10.3.1/../../../../arm-none-eabi/lib/thumb/v6-m/nofp/crt0.o (__libc_init_array)
c:/progra~2/gnuarm~1/102021~1.10/bin/../lib/gcc/arm-none-eabi/10.3.1/../../../../arm-none-eabi/lib/thumb/v6-m/nofp\libc.a(lib_a-malloc.o)
                              CMakeFiles\tambourduine.dir\C_\Pico\pico-sdk\src\rp2_common\pico_malloc\pico_malloc.c.obj (malloc)
c:/progra~2/gnuarm~1/102021~1.10/bin/../lib/gcc/arm-none-eabi/10.3.1/../../../../arm-none-eabi/lib/thumb/v6-m/nofp\libc.a(lib_a-mallocr.o)
                              c:/progra~2/gnuarm~1/102021~1.10/bin/../lib/gcc/arm-none-eabi/10.3.1/../../../../arm-none-eabi/lib/thumb/v6-m/nofp\libc.a(lib_a-callocr.o) (_malloc_r)
c:/progra~2/gnuarm~1/102021~1.10/bin/../lib/gcc/arm-none-eabi/10.3.1/../../../../arm-none-eabi/lib/thumb/v6-m/nofp\libc.a(lib_a-mlock.o)
                              c:/progra~2/gnuarm~1/102021~1.10/bin/../lib/gcc/arm-none-eabi/10.3.1/../../../../arm-none-eabi/lib/thumb/v6-m/nofp\libc.a(lib_a-mallocr.o) (__malloc_lock)
c:/progra~2/gnuarm~1/102021~1.10/bin/../lib/gcc/arm-none-eabi/10.3.1/../../../../arm-none-eabi/lib/thumb/v6-m/nofp\libc.a(lib_a-sbrkr.o)
                              c:/progra~2/gnuarm~1/102021~1.10/bin/../lib/gcc/arm-none-eabi/10.3.1/../../../../arm-none-eabi/lib/thumb/v6-m/nofp\libc.a(lib_a-mallocr.o) (_sbrk_r)
c:/progra~2/gnuarm~1/102021~1.10/bin/../lib/gcc/arm-none-eabi/10.3.1/../../../../arm-none-eabi/lib/thumb/v6-m/nofp\libc.a(lib_a-scanf.o)
                              CMakeFiles\tambourduine.dir\main.c.obj (scanf)
c:/progra~2/gnuarm~1/102021~1.10/bin/../lib/gcc/arm-none-eabi/10.3.1/../../../../arm-none-eabi/lib/thumb/v6-m/nofp\libc.a(lib_a-strlen-stub.o)
                              CMakeFiles\tambourduine.dir\C_\Pico\pico-sdk\src\rp2_common\pico_stdio\stdio.c.obj (strlen)
c:/progra~2/gnuarm~1/102021~1.10/bin/../lib/gcc/arm-none-eabi/10.3.1/../../../../arm-none-eabi/lib/thumb/v6-m/nofp\libc.a(lib_a-vfscanf.o)
                              c:/progra~2/gnuarm~1/102021~1.10/bin/../lib/gcc/arm-none-eabi/10.3.1/../../../../arm-none-eabi/lib/thumb/v6-m/nofp\libc.a(lib_a-scanf.o) (_vfscanf_r)
c:/progra~2/gnuarm~1/102021~1.10/bin/../lib/gcc/arm-none-eabi/10.3.1/../../../../arm-none-eabi/lib/thumb/v6-m/nofp\libc.a(lib_a-ctype_.o)
                              c:/progra~2/gnuarm~1/102021~1.10/bin/../lib/gcc/arm-none-eabi/10.3.1/../../../../arm-none-eabi/lib/thumb/v6-m/nofp\libc.a(lib_a-vfscanf.o) (_ctype_)
c:/progra~2/gnuarm~1/102021~1.10/bin/../lib/gcc/arm-none-eabi/10.3.1/../../../../arm-none-eabi/lib/thumb/v6-m/nofp\libc.a(lib_a-findfp.o)
                              c:/progra~2/gnuarm~1/102021~1.10/bin/../lib/gcc/arm-none-eabi/10.3.1/../../../../arm-none-eabi/lib/thumb/v6-m/nofp\libc.a(lib_a-vfscanf.o) (__sinit)
c:/progra~2/gnuarm~1/102021~1.10/bin/../lib/gcc/arm-none-eabi/10.3.1/../../../../arm-none-eabi/lib/thumb/v6-m/nofp\libc.a(lib_a-fread.o)
                              c:/progra~2/gnuarm~1/102021~1.10/bin/../lib/gcc/arm-none-eabi/10.3.1/../../../../arm-none-eabi/lib/thumb/v6-m/nofp\libc.a(lib_a-vfscanf.o) (_fread_r)
[...]
Memory Configuration

Name             Origin             Length             Attributes
FLASH            0x10000000         0x00200000         xr
RAM              0x20000000         0x00040000         xrw
SCRATCH_X        0x20040000         0x00001000         xrw
SCRATCH_Y        0x20041000         0x00001000         xrw
*default*        0x00000000         0xffffffff

Linker script and memory map

LOAD c:/progra~2/gnuarm~1/102021~1.10/bin/../lib/gcc/arm-none-eabi/10.3.1/thumb/v6-m/nofp/crti.o
LOAD c:/progra~2/gnuarm~1/102021~1.10/bin/../lib/gcc/arm-none-eabi/10.3.1/thumb/v6-m/nofp/crtbegin.o
LOAD c:/progra~2/gnuarm~1/102021~1.10/bin/../lib/gcc/arm-none-eabi/10.3.1/../../../../arm-none-eabi/lib/thumb/v6-m/nofp/crt0.o

.flash_begin    0x10000000        0x0
                0x10000000                __flash_binary_start = .

.boot2          0x10000000      0x100
                0x10000000                __boot2_start__ = .
 *(.boot2)
 .boot2         0x10000000      0x100 C:\Users\neyss\AppData\Local\Temp\ccAlajFn.o
                0x10000100                __boot2_end__ = .
                0x00000001                ASSERT (((__boot2_end__ - __boot2_start__) == 0x100), ERROR: Pico second stage bootloader must be 256 bytes in size)

.text           0x10000100     0xa7d0
                0x10000100                __logical_binary_start = .
 *(.vectors)
 .vectors       0x10000100       0xd4 CMakeFiles\tambourduine.dir\C_\Pico\pico-sdk\src\rp2_common\pico_standard_link\crt0.S.obj
                0x10000100                __VECTOR_TABLE
                0x10000100                __vectors
                0x100001c0                isr_invalid
                0x100001c0                __default_isrs_start
                0x100001c2                isr_nmi
                0x100001c4                isr_hardfault
                0x100001c6                isr_svcall
                0x100001c8                isr_pendsv
                0x100001ca                isr_systick
                0x100001cc                isr_irq23
                0x100001cc                isr_irq18
                0x100001cc                isr_irq11
                0x100001cc                isr_irq28
                0x100001cc                isr_irq19
                0x100001cc                isr_irq0
                0x100001cc                isr_irq6
                0x100001cc                isr_irq5
                0x100001cc                isr_irq12
                0x100001cc                isr_irq22
                0x100001cc                isr_irq31
                0x100001cc                isr_irq17
                0x100001cc                isr_irq27
                0x100001cc                isr_irq30
                0x100001cc                isr_irq2
                0x100001cc                isr_irq10
                0x100001cc                isr_irq8
                0x100001cc                isr_irq24
                0x100001cc                isr_irq1
                0x100001cc                isr_irq7
                0x100001cc                isr_irq21
                0x100001cc                isr_irq20
                0x100001cc                isr_irq15
                0x100001cc                isr_irq25
                0x100001cc                isr_irq13
                0x100001cc                __unhandled_user_irq
                0x100001cc                isr_irq4
                0x100001cc                isr_irq16
                0x100001cc                isr_irq29
                0x100001cc                isr_irq26
                0x100001cc                __default_isrs_end
                0x100001cc                isr_irq3
                0x100001cc                isr_irq14
                0x100001cc                isr_irq9
                0x100001d2                unhandled_user_irq_num_in_r0
 *(.binary_info_header)
 .binary_info_header
                0x100001d4       0x14 CMakeFiles\tambourduine.dir\C_\Pico\pico-sdk\src\rp2_common\pico_standard_link\crt0.S.obj
                0x100001e8                __binary_info_header_end = .
 *(.reset)
 .reset         0x100001e8       0xa8 CMakeFiles\tambourduine.dir\C_\Pico\pico-sdk\src\rp2_common\pico_standard_link\crt0.S.obj
                0x100001e8                _entry_point
                0x10000266                __get_current_exception
 .reset         0x10000290       0x30 CMakeFiles\tambourduine.dir\C_\Pico\pico-sdk\src\rp2_common\pico_standard_link\binary_info.c.obj
 *(.init)
 .init          0x100002c0        0x4 c:/progra~2/gnuarm~1/102021~1.10/bin/../lib/gcc/arm-none-eabi/10.3.1/thumb/v6-m/nofp/crti.o
                0x100002c0                _init
 *(EXCLUDE_FILE(*libm.a: *libc.a:*lib_a-mem*.o *libgcc.a:) .text*)
 .text          0x100002c4       0x48 c:/progra~2/gnuarm~1/102021~1.10/bin/../lib/gcc/arm-none-eabi/10.3.1/thumb/v6-m/nofp/crtbegin.o
 .text.startup.main
                0x1000030c      0x100 CMakeFiles\tambourduine.dir\main.c.obj
                0x1000030c                main
 .text.vibrato  0x1000040c       0x3c CMakeFiles\tambourduine.dir\tambourduine.c.obj
                0x1000040c                vibrato
 .text.fan      0x10000448       0x9c CMakeFiles\tambourduine.dir\tambourduine.c.obj
                0x10000448                fan
 .text.vertical
                0x100004e4       0xa4 CMakeFiles\tambourduine.dir\tambourduine.c.obj
                0x100004e4                vertical
 .text.percussion
                0x10000588      0x20c CMakeFiles\tambourduine.dir\tambourduine.c.obj
                0x10000588                percussion
 .text.hit      0x10000794       0x68 CMakeFiles\tambourduine.dir\tambourduine.c.obj
                0x10000794                hit
 .text.start    0x100007fc       0x50 CMakeFiles\tambourduine.dir\tambourduine.c.obj
                0x100007fc                start
 .text.gpio_set_function
                0x1000084c       0x30 CMakeFiles\tambourduine.dir\C_\Pico\pico-sdk\src\rp2_common\hardware_gpio\gpio.c.obj
                0x1000084c                gpio_set_function
 .text.hw_claim_or_assert
                0x1000087c       0x44 CMakeFiles\tambourduine.dir\C_\Pico\pico-sdk\src\rp2_common\hardware_claim\claim.c.obj
                0x1000087c                hw_claim_or_assert
 .text.running_on_fpga
                0x100008c0       0x10 CMakeFiles\tambourduine.dir\C_\Pico\pico-sdk\src\rp2_common\pico_platform\platform.c.obj
                0x100008c0                running_on_fpga
 .text.spin_locks_reset
                0x100008d0       0x1c CMakeFiles\tambourduine.dir\C_\Pico\pico-sdk\src\rp2_common\hardware_sync\sync.c.obj
                0x100008d0                spin_locks_reset
 .text.next_striped_spin_lock_num
                0x100008ec       0x18 CMakeFiles\tambourduine.dir\C_\Pico\pico-sdk\src\rp2_common\hardware_sync\sync.c.obj
                0x100008ec                next_striped_spin_lock_num
 .text.timer_pool_entry_comparator
                0x10000904       0x34 CMakeFiles\tambourduine.dir\C_\Pico\pico-sdk\src\common\pico_time\time.c.obj
                0x10000904                timer_pool_entry_comparator
 .text.sleep_until_callback
                0x10000938       0x30 CMakeFiles\tambourduine.dir\C_\Pico\pico-sdk\src\common\pico_time\time.c.obj
 .text.add_alarm_under_lock.isra.0
                0x10000968      0x100 CMakeFiles\tambourduine.dir\C_\Pico\pico-sdk\src\common\pico_time\time.c.obj
 .text.alarm_pool_alarm_callback
                0x10000a68      0x1c8 CMakeFiles\tambourduine.dir\C_\Pico\pico-sdk\src\common\pico_time\time.c.obj
 .text.alarm_pool_add_alarm_at.constprop.0
                0x10000c30      0x11c CMakeFiles\tambourduine.dir\C_\Pico\pico-sdk\src\common\pico_time\time.c.obj
 .text.alarm_pool_init_default
                0x10000d4c       0x64 CMakeFiles\tambourduine.dir\C_\Pico\pico-sdk\src\common\pico_time\time.c.obj
                0x10000d4c                alarm_pool_init_default
 .text.sleep_until
                0x10000db0       0xac CMakeFiles\tambourduine.dir\C_\Pico\pico-sdk\src\common\pico_time\time.c.obj
                0x10000db0                sleep_until
 .text.sleep_ms
                0x10000e5c       0x38 CMakeFiles\tambourduine.dir\C_\Pico\pico-sdk\src\common\pico_time\time.c.obj
                0x10000e5c                sleep_ms
 .text.hardware_alarm_irq_handler
                0x10000e94       0xb8 CMakeFiles\tambourduine.dir\C_\Pico\pico-sdk\src\rp2_common\hardware_timer\timer.c.obj
 .text.hardware_alarm_claim
                0x10000f4c       0x18 CMakeFiles\tambourduine.dir\C_\Pico\pico-sdk\src\rp2_common\hardware_timer\timer.c.obj
                0x10000f4c                hardware_alarm_claim
 .text.time_us_64
                0x10000f64       0x14 CMakeFiles\tambourduine.dir\C_\Pico\pico-sdk\src\rp2_common\hardware_timer\timer.c.obj
                0x10000f64                time_us_64
 .text.busy_wait_us
                0x10000f78       0x54 CMakeFiles\tambourduine.dir\C_\Pico\pico-sdk\src\rp2_common\hardware_timer\timer.c.obj
                0x10000f78                busy_wait_us
 .text.busy_wait_until
                0x10000fcc       0x20 CMakeFiles\tambourduine.dir\C_\Pico\pico-sdk\src\rp2_common\hardware_timer\timer.c.obj
                0x10000fcc                busy_wait_until
 .text.hardware_alarm_set_callback
                0x10000fec       0x8c CMakeFiles\tambourduine.dir\C_\Pico\pico-sdk\src\rp2_common\hardware_timer\timer.c.obj
                0x10000fec                hardware_alarm_set_callback
 .text.hardware_alarm_set_target
                0x10001078       0xe0 CMakeFiles\tambourduine.dir\C_\Pico\pico-sdk\src\rp2_common\hardware_timer\timer.c.obj
                0x10001078                hardware_alarm_set_target
 .text.hardware_alarm_cancel
                0x10001158       0x3c CMakeFiles\tambourduine.dir\C_\Pico\pico-sdk\src\rp2_common\hardware_timer\timer.c.obj
                0x10001158                hardware_alarm_cancel
 .text.lock_init
                0x10001194       0x10 CMakeFiles\tambourduine.dir\C_\Pico\pico-sdk\src\common\pico_sync\lock_core.c.obj
                0x10001194                lock_init
 .text.mutex_init
                0x100011a4       0x1c CMakeFiles\tambourduine.dir\C_\Pico\pico-sdk\src\common\pico_sync\mutex.c.obj
                0x100011a4                mutex_init
 .text.recursive_mutex_init
                0x100011c0       0x1c CMakeFiles\tambourduine.dir\C_\Pico\pico-sdk\src\common\pico_sync\mutex.c.obj
                0x100011c0                recursive_mutex_init
 .text.ph_merge_nodes
                0x100011dc       0x68 CMakeFiles\tambourduine.dir\C_\Pico\pico-sdk\src\common\pico_util\pheap.c.obj
 .text.ph_post_alloc_init
                0x10001244       0x3c CMakeFiles\tambourduine.dir\C_\Pico\pico-sdk\src\common\pico_util\pheap.c.obj
                0x10001244                ph_post_alloc_init
 .text.ph_merge_two_pass
                0x10001280       0x90 CMakeFiles\tambourduine.dir\C_\Pico\pico-sdk\src\common\pico_util\pheap.c.obj
                0x10001280                ph_merge_two_pass
 .text.ph_remove_any_head
                0x10001310       0xf8 CMakeFiles\tambourduine.dir\C_\Pico\pico-sdk\src\common\pico_util\pheap.c.obj
 .text.ph_remove_head
                0x10001408       0xfc CMakeFiles\tambourduine.dir\C_\Pico\pico-sdk\src\common\pico_util\pheap.c.obj
                0x10001408                ph_remove_head
 .text.ph_remove_and_free_node
                0x10001504       0x7c CMakeFiles\tambourduine.dir\C_\Pico\pico-sdk\src\common\pico_util\pheap.c.obj
                0x10001504                ph_remove_and_free_node
 .text.runtime_init
                0x10001580       0xf0 CMakeFiles\tambourduine.dir\C_\Pico\pico-sdk\src\rp2_common\pico_runtime\runtime.c.obj
                0x10001580                runtime_init
 .text._sbrk    0x10001670       0x34 CMakeFiles\tambourduine.dir\C_\Pico\pico-sdk\src\rp2_common\pico_runtime\runtime.c.obj
                0x10001670                _sbrk
 .text.exit     0x100016a4        0x4 CMakeFiles\tambourduine.dir\C_\Pico\pico-sdk\src\rp2_common\pico_runtime\runtime.c.obj
                0x100016a4                exit
 .text.__assert_func
                0x100016a8       0x34 CMakeFiles\tambourduine.dir\C_\Pico\pico-sdk\src\rp2_common\pico_runtime\runtime.c.obj
                0x100016a8                __assert_func
 .text.panic    0x100016dc       0x30 CMakeFiles\tambourduine.dir\C_\Pico\pico-sdk\src\rp2_common\pico_runtime\runtime.c.obj
                0x100016dc                panic
 .text.hard_assertion_failure
                0x1000170c        0xc CMakeFiles\tambourduine.dir\C_\Pico\pico-sdk\src\rp2_common\pico_runtime\runtime.c.obj
                0x1000170c                hard_assertion_failure
 .text.clocks_init
                0x10001718      0x2bc CMakeFiles\tambourduine.dir\C_\Pico\pico-sdk\src\rp2_common\hardware_clocks\clocks.c.obj
                0x10001718                clocks_init
 .text.clock_get_hz
                0x100019d4        0xc CMakeFiles\tambourduine.dir\C_\Pico\pico-sdk\src\rp2_common\hardware_clocks\clocks.c.obj
                0x100019d4                clock_get_hz
 .text.irq_set_enabled
                0x100019e0       0x24 CMakeFiles\tambourduine.dir\C_\Pico\pico-sdk\src\rp2_common\hardware_irq\irq.c.obj
                0x100019e0                irq_set_enabled
 .text.irq_get_vtable_handler
                0x10001a04       0x10 CMakeFiles\tambourduine.dir\C_\Pico\pico-sdk\src\rp2_common\hardware_irq\irq.c.obj
                0x10001a04                irq_get_vtable_handler
 .text.irq_set_exclusive_handler
                0x10001a14       0x54 CMakeFiles\tambourduine.dir\C_\Pico\pico-sdk\src\rp2_common\hardware_irq\irq.c.obj
                0x10001a14                irq_set_exclusive_handler
 .text.irq_remove_handler
                0x10001a68      0x1b4 CMakeFiles\tambourduine.dir\C_\Pico\pico-sdk\src\rp2_common\hardware_irq\irq.c.obj
                0x10001a68                irq_remove_handler
 .text.irq_add_tail_to_free_list
                0x10001c1c       0xb4 CMakeFiles\tambourduine.dir\C_\Pico\pico-sdk\src\rp2_common\hardware_irq\irq.c.obj
                0x10001c1c                irq_add_tail_to_free_list
 .text.irq_init_priorities
                0x10001cd0       0x24 CMakeFiles\tambourduine.dir\C_\Pico\pico-sdk\src\rp2_common\hardware_irq\irq.c.obj
                0x10001cd0                irq_init_priorities
 .text.pll_init
                0x10001cf4       0xa8 CMakeFiles\tambourduine.dir\C_\Pico\pico-sdk\src\rp2_common\hardware_pll\pll.c.obj
                0x10001cf4                pll_init
 .text.watchdog_start_tick
                0x10001d9c       0x10 CMakeFiles\tambourduine.dir\C_\Pico\pico-sdk\src\rp2_common\hardware_watchdog\watchdog.c.obj
                0x10001d9c                watchdog_start_tick
 .text.xosc_init
                0x10001dac       0x28 CMakeFiles\tambourduine.dir\C_\Pico\pico-sdk\src\rp2_common\hardware_xosc\xosc.c.obj
                0x10001dac                xosc_init
 .text._out_buffer
                0x10001dd4        0x8 CMakeFiles\tambourduine.dir\C_\Pico\pico-sdk\src\rp2_common\pico_printf\printf.c.obj
 .text._out_null
                0x10001ddc        0x4 CMakeFiles\tambourduine.dir\C_\Pico\pico-sdk\src\rp2_common\pico_printf\printf.c.obj
 .text._out_rev
                0x10001de0       0x9c CMakeFiles\tambourduine.dir\C_\Pico\pico-sdk\src\rp2_common\pico_printf\printf.c.obj
 .text._ntoa_format
                0x10001e7c      0x1cc CMakeFiles\tambourduine.dir\C_\Pico\pico-sdk\src\rp2_common\pico_printf\printf.c.obj
 .text._out_char
                0x10002048       0x10 CMakeFiles\tambourduine.dir\C_\Pico\pico-sdk\src\rp2_common\pico_printf\printf.c.obj
 .text._out_fct
                0x10002058       0x10 CMakeFiles\tambourduine.dir\C_\Pico\pico-sdk\src\rp2_common\pico_printf\printf.c.obj
 .text._etoa    0x10002068      0x44c CMakeFiles\tambourduine.dir\C_\Pico\pico-sdk\src\rp2_common\pico_printf\printf.c.obj
 .text._ftoa    0x100024b4      0x398 CMakeFiles\tambourduine.dir\C_\Pico\pico-sdk\src\rp2_common\pico_printf\printf.c.obj
 .text._vsnprintf
                0x1000284c      0xb04 CMakeFiles\tambourduine.dir\C_\Pico\pico-sdk\src\rp2_common\pico_printf\printf.c.obj
 .text.__wrap_sprintf
                0x10003350       0x28 CMakeFiles\tambourduine.dir\C_\Pico\pico-sdk\src\rp2_common\pico_printf\printf.c.obj
                0x10003350                __wrap_sprintf
 .text.vfctprintf
                0x10003378       0x20 CMakeFiles\tambourduine.dir\C_\Pico\pico-sdk\src\rp2_common\pico_printf\printf.c.obj
                0x10003378                vfctprintf
 .text.weak_raw_printf
                0x10003398       0x40 CMakeFiles\tambourduine.dir\C_\Pico\pico-sdk\src\rp2_common\pico_printf\printf.c.obj
                0x10003398                weak_raw_printf
 .text.weak_raw_vprintf
                0x100033d8       0x30 CMakeFiles\tambourduine.dir\C_\Pico\pico-sdk\src\rp2_common\pico_printf\printf.c.obj
                0x100033d8                weak_raw_vprintf
 .text          0x10003408       0x10 CMakeFiles\tambourduine.dir\C_\Pico\pico-sdk\src\rp2_common\pico_bit_ops\bit_ops_aeabi.S.obj
 .text.rom_func_lookup
                0x10003418       0x10 CMakeFiles\tambourduine.dir\C_\Pico\pico-sdk\src\rp2_common\pico_bootrom\bootrom.c.obj
                0x10003418                rom_func_lookup
 .text.rom_data_lookup
                0x10003428       0x10 CMakeFiles\tambourduine.dir\C_\Pico\pico-sdk\src\rp2_common\pico_bootrom\bootrom.c.obj
                0x10003428                rom_data_lookup
 .text.rom_funcs_lookup
                0x10003438       0x44 CMakeFiles\tambourduine.dir\C_\Pico\pico-sdk\src\rp2_common\pico_bootrom\bootrom.c.obj
                0x10003438                rom_funcs_lookup
 .text.__wrap___aeabi_idiv
                0x1000347c       0x50 CMakeFiles\tambourduine.dir\C_\Pico\pico-sdk\src\rp2_common\pico_divider\divider.S.obj
                0x1000347c                __wrap___aeabi_idivmod
                0x1000347c                divmod_s32s32
                0x1000347c                div_s32s32
                0x1000347c                __wrap___aeabi_idiv
                0x10003484                divmod_s32s32_unsafe
                0x100034b0                divmod_s32s32_savestate
 .text.__wrap___aeabi_uidiv
                0x100034cc       0x4c CMakeFiles\tambourduine.dir\C_\Pico\pico-sdk\src\rp2_common\pico_divider\divider.S.obj
                0x100034cc                __wrap___aeabi_uidiv
                0x100034cc                __wrap___aeabi_uidivmod
                0x100034cc                div_u32u32
                0x100034cc                divmod_u32u32
                0x100034d4                divmod_u32u32_unsafe
                0x100034fc                divmod_u32u32_savestate
 .text.__wrap___aeabi_ldiv
                0x10003518      0x434 CMakeFiles\tambourduine.dir\C_\Pico\pico-sdk\src\rp2_common\pico_divider\divider.S.obj
                0x10003518                div_s64s64
                0x10003518                divmod_s64s64
                0x10003518                __wrap___aeabi_ldivmod
                0x10003550                divmod_u64u64
                0x10003550                div_u64u64
                0x10003550                __wrap___aeabi_uldivmod
                0x10003560                divmod_u64u64_savestate
                0x10003588                divmod_s64s64_unsafe
                0x10003610                divmod_u64u64_unsafe
 .text.__wrap___aeabi_darithmetic
                0x1000394c       0x80 CMakeFiles\tambourduine.dir\C_\Pico\pico-sdk\src\rp2_common\pico_double\double_aeabi.S.obj
                0x1000394c                __wrap___aeabi_drsub
                0x10003952                __wrap___aeabi_dsub
                0x10003964                __wrap___aeabi_dadd
                0x10003976                __wrap___aeabi_ddiv
                0x100039b2                __wrap___aeabi_dmul
 .text.__wrap___aeabi_cdcmple
                0x100039cc       0x6c CMakeFiles\tambourduine.dir\C_\Pico\pico-sdk\src\rp2_common\pico_double\double_aeabi.S.obj
                0x100039cc                __wrap___aeabi_cdrcmple
                0x100039dc                __wrap___aeabi_cdcmpeq
                0x100039dc                __wrap___aeabi_cdcmple
 .text.__wrap___aeabi_dcmpeq
                0x10003a38       0x10 CMakeFiles\tambourduine.dir\C_\Pico\pico-sdk\src\rp2_common\pico_double\double_aeabi.S.obj
                0x10003a38                __wrap___aeabi_dcmpeq
 .text.__wrap___aeabi_dcmplt
                0x10003a48        0xc CMakeFiles\tambourduine.dir\C_\Pico\pico-sdk\src\rp2_common\pico_double\double_aeabi.S.obj
                0x10003a48                __wrap___aeabi_dcmplt
 .text.__wrap___aeabi_dcmple
                0x10003a54       0x10 CMakeFiles\tambourduine.dir\C_\Pico\pico-sdk\src\rp2_common\pico_double\double_aeabi.S.obj
                0x10003a54                __wrap___aeabi_dcmple
 .text.__wrap___aeabi_dcmpge
                0x10003a64       0x10 CMakeFiles\tambourduine.dir\C_\Pico\pico-sdk\src\rp2_common\pico_double\double_aeabi.S.obj
                0x10003a64                __wrap___aeabi_dcmpge
 .text.__wrap___aeabi_dcmpgt
                0x10003a74        0xa CMakeFiles\tambourduine.dir\C_\Pico\pico-sdk\src\rp2_common\pico_double\double_aeabi.S.obj
                0x10003a74                __wrap___aeabi_dcmpgt
 .text.__wrap___aeabi_dcmpun
                0x10003a7e       0x1c CMakeFiles\tambourduine.dir\C_\Pico\pico-sdk\src\rp2_common\pico_double\double_aeabi.S.obj
                0x10003a7e                __wrap___aeabi_dcmpun
 *fill*         0x10003a9a        0x2 
 .text.__wrap___aeabi_i2d
                0x10003a9c       0x38 CMakeFiles\tambourduine.dir\C_\Pico\pico-sdk\src\rp2_common\pico_double\double_aeabi.S.obj
                0x10003a9c                __wrap___aeabi_ui2d
                0x10003aa4                __wrap___aeabi_i2d
 .text.__wrap___aeabi_d2iz
                0x10003ad4       0x48 CMakeFiles\tambourduine.dir\C_\Pico\pico-sdk\src\rp2_common\pico_double\double_aeabi.S.obj
                0x10003ad4                double2int_z
                0x10003ad4                __wrap___aeabi_d2iz
 .text.__wrap___aeabi_d2uiz
                0x10003b1c       0x18 CMakeFiles\tambourduine.dir\C_\Pico\pico-sdk\src\rp2_common\pico_double\double_aeabi.S.obj
                0x10003b1c                __wrap___aeabi_d2uiz
                0x10003b1c                double2uint
 .text.__wrap___aeabi_l2d
                0x10003b34       0x18 CMakeFiles\tambourduine.dir\C_\Pico\pico-sdk\src\rp2_common\pico_double\double_aeabi.S.obj
                0x10003b34                __wrap___aeabi_l2d
 .text.__wrap___aeabi_d2lz
                0x10003b4c       0x26 CMakeFiles\tambourduine.dir\C_\Pico\pico-sdk\src\rp2_common\pico_double\double_aeabi.S.obj
                0x10003b4c                double2int64_z
                0x10003b4c                __wrap___aeabi_d2lz
 *fill*         0x10003b72        0x2 
 .text.double2int64
                0x10003b74       0x18 CMakeFiles\tambourduine.dir\C_\Pico\pico-sdk\src\rp2_common\pico_double\double_aeabi.S.obj
                0x10003b74                double2int64
 .text.double2ufix64
                0x10003b8c       0x18 CMakeFiles\tambourduine.dir\C_\Pico\pico-sdk\src\rp2_common\pico_double\double_aeabi.S.obj
                0x10003b8c                double2ufix64
 .text.__wrap___aeabi_d2f
                0x10003ba4       0x18 CMakeFiles\tambourduine.dir\C_\Pico\pico-sdk\src\rp2_common\pico_double\double_aeabi.S.obj
                0x10003ba4                __wrap___aeabi_d2f
 .text.__aeabi_double_init
                0x10003bbc       0x94 CMakeFiles\tambourduine.dir\C_\Pico\pico-sdk\src\rp2_common\pico_double\double_init_rom.c.obj
                0x10003bbc                __aeabi_double_init
 .text.double_table_shim_on_use_helper
                0x10003c50       0x2c CMakeFiles\tambourduine.dir\C_\Pico\pico-sdk\src\rp2_common\pico_double\double_v1_rom_shim.S.obj
                0x10003c50                double_table_shim_on_use_helper
 .text.__wrap___aeabi_dsub
                0x10003c7c       0x10 CMakeFiles\tambourduine.dir\C_\Pico\pico-sdk\src\rp2_common\pico_double\double_v1_rom_shim.S.obj
                0x10003c7c                drsub_shim
                0x10003c82                dsub_shim
 .text.dadd_shim
                0x10003c8c      0x15c CMakeFiles\tambourduine.dir\C_\Pico\pico-sdk\src\rp2_common\pico_double\double_v1_rom_shim.S.obj
                0x10003c8c                dadd_shim
 .text.dmul_shim
                0x10003de8      0x15c CMakeFiles\tambourduine.dir\C_\Pico\pico-sdk\src\rp2_common\pico_double\double_v1_rom_shim.S.obj
                0x10003de8                dmul_shim
 .text.ddiv_shim
                0x10003f44      0x1b0 CMakeFiles\tambourduine.dir\C_\Pico\pico-sdk\src\rp2_common\pico_double\double_v1_rom_shim.S.obj
                0x10003f44                ddiv_shim
 .text.double2uint_shim
                0x100040f4        0xe CMakeFiles\tambourduine.dir\C_\Pico\pico-sdk\src\rp2_common\pico_double\double_v1_rom_shim.S.obj
                0x100040f4                double2uint_shim
                0x100040f6                double2ufix_shim
 .text.double2int64_shim
                0x10004102       0x1a CMakeFiles\tambourduine.dir\C_\Pico\pico-sdk\src\rp2_common\pico_double\double_v1_rom_shim.S.obj
                0x10004102                double2int64_shim
                0x10004104                double2fix64_shim
 .text.double2uint64_shim
                0x1000411c       0x70 CMakeFiles\tambourduine.dir\C_\Pico\pico-sdk\src\rp2_common\pico_double\double_v1_rom_shim.S.obj
                0x1000411c                double2uint64_shim
                0x1000411e                double2ufix64_shim
                0x1000413e                d2fix_a
 .text.double2float_shim
                0x1000418c       0x5c CMakeFiles\tambourduine.dir\C_\Pico\pico-sdk\src\rp2_common\pico_double\double_v1_rom_shim.S.obj
                0x1000418c                double2float_shim
 .text.x2double_shims
                0x100041e8       0x90 CMakeFiles\tambourduine.dir\C_\Pico\pico-sdk\src\rp2_common\pico_double\double_v1_rom_shim.S.obj
                0x100041e8                uint2double_shim
                0x100041ea                ufix2double_shim
                0x100041f0                int2double_shim
                0x100041f2                fix2double_shim
                0x100041f8                uint642double_shim
                0x100041fa                ufix642double_shim
                0x10004200                int642double_shim
                0x10004202                fix642double_shim
 .text.dunpacks
                0x10004278       0x3c CMakeFiles\tambourduine.dir\C_\Pico\pico-sdk\src\rp2_common\pico_double\double_v1_rom_shim.S.obj
                0x10004278                dunpacks
 .text.__aeabi_lmul
                0x100042b4       0x32 CMakeFiles\tambourduine.dir\C_\Pico\pico-sdk\src\rp2_common\pico_int64_ops\pico_int64_ops_aeabi.S.obj
                0x100042b4                __wrap___aeabi_lmul
 *fill*         0x100042e6        0x2 
 .text.__wrap___aeabi_farithmetic
                0x100042e8       0x48 CMakeFiles\tambourduine.dir\C_\Pico\pico-sdk\src\rp2_common\pico_float\float_aeabi.S.obj
                0x100042e8                __wrap___aeabi_frsub
                0x100042ee                __wrap___aeabi_fsub
                0x100042f4                __wrap___aeabi_fadd
                0x100042fa                __wrap___aeabi_fdiv
                0x10004322                __wrap___aeabi_fmul
 .text.__wrap___aeabi_cfcmple
                0x10004330       0x50 CMakeFiles\tambourduine.dir\C_\Pico\pico-sdk\src\rp2_common\pico_float\float_aeabi.S.obj
                0x10004330                __wrap___aeabi_cfrcmple
                0x1000433c                __wrap___aeabi_cfcmple
                0x1000433c                __wrap___aeabi_cfcmpeq
 .text.__wrap___aeabi_fcmpgt
                0x10004380        0xa CMakeFiles\tambourduine.dir\C_\Pico\pico-sdk\src\rp2_common\pico_float\float_aeabi.S.obj
                0x10004380                __wrap___aeabi_fcmpgt
 .text.__wrap___aeabi_ui2f
                0x1000438a        0xa CMakeFiles\tambourduine.dir\C_\Pico\pico-sdk\src\rp2_common\pico_float\float_aeabi.S.obj
                0x1000438a                __wrap___aeabi_ui2f
 .text.__wrap___aeabi_i2f
                0x10004394       0x44 CMakeFiles\tambourduine.dir\C_\Pico\pico-sdk\src\rp2_common\pico_float\float_aeabi.S.obj
                0x10004394                __wrap___aeabi_i2f
 .text.__wrap___aeabi_f2iz
                0x100043d8       0x4e CMakeFiles\tambourduine.dir\C_\Pico\pico-sdk\src\rp2_common\pico_float\float_aeabi.S.obj
                0x100043d8                float2int_z
                0x100043d8                __wrap___aeabi_f2iz
 *fill*         0x10004426        0x2 
 .text.float2int
                0x10004428       0x14 CMakeFiles\tambourduine.dir\C_\Pico\pico-sdk\src\rp2_common\pico_float\float_aeabi.S.obj
                0x10004428                float2int
 .text.__wrap___aeabi_f2uiz
                0x1000443c        0xc CMakeFiles\tambourduine.dir\C_\Pico\pico-sdk\src\rp2_common\pico_float\float_aeabi.S.obj
                0x1000443c                __wrap___aeabi_f2uiz
 .text.__aeabi_float_init
                0x10004448       0x64 CMakeFiles\tambourduine.dir\C_\Pico\pico-sdk\src\rp2_common\pico_float\float_init_rom.c.obj
                0x10004448                __aeabi_float_init
 .text.float_table_shim_on_use_helper
                0x100044ac       0x2c CMakeFiles\tambourduine.dir\C_\Pico\pico-sdk\src\rp2_common\pico_float\float_v1_rom_shim.S.obj
                0x100044ac                float_table_shim_on_use_helper
 .text.float232_shims
                0x100044d8       0x18 CMakeFiles\tambourduine.dir\C_\Pico\pico-sdk\src\rp2_common\pico_float\float_v1_rom_shim.S.obj
                0x100044d8                float2int_shim
                0x100044da                float2fix_shim
 .text.__wrap_malloc
                0x100044f0       0x24 CMakeFiles\tambourduine.dir\C_\Pico\pico-sdk\src\rp2_common\pico_malloc\pico_malloc.c.obj
                0x100044f0                __wrap_malloc
 .text.__wrap_free
                0x10004514        0x8 CMakeFiles\tambourduine.dir\C_\Pico\pico-sdk\src\rp2_common\pico_malloc\pico_malloc.c.obj
                0x10004514                __wrap_free
 .text          0x1000451c       0x10 CMakeFiles\tambourduine.dir\C_\Pico\pico-sdk\src\rp2_common\pico_mem_ops\mem_ops_aeabi.S.obj
                0x1000451c                __aeabi_mem_init
 .text.memset   0x1000452c        0xc CMakeFiles\tambourduine.dir\C_\Pico\pico-sdk\src\rp2_common\pico_mem_ops\mem_ops_aeabi.S.obj
                0x1000452c                __wrap_memset
 .text.memcpy   0x10004538        0xc CMakeFiles\tambourduine.dir\C_\Pico\pico-sdk\src\rp2_common\pico_mem_ops\mem_ops_aeabi.S.obj
                0x10004538                __wrap_memcpy
                0x10004538                __wrap___aeabi_memcpy
 .text.stdio_out_chars_no_crlf
                0x10004544       0x10 CMakeFiles\tambourduine.dir\C_\Pico\pico-sdk\src\rp2_common\pico_stdio\stdio.c.obj
 .text.stdio_out_chars_crlf
                0x10004554       0xb4 CMakeFiles\tambourduine.dir\C_\Pico\pico-sdk\src\rp2_common\pico_stdio\stdio.c.obj
 .text.stdio_buffered_printer
                0x10004608       0x64 CMakeFiles\tambourduine.dir\C_\Pico\pico-sdk\src\rp2_common\pico_stdio\stdio.c.obj
 .text.stdio_put_string.isra.0
                0x1000466c       0xfc CMakeFiles\tambourduine.dir\C_\Pico\pico-sdk\src\rp2_common\pico_stdio\stdio.c.obj
 .text.__wrap_putchar
                0x10004768       0xa0 CMakeFiles\tambourduine.dir\C_\Pico\pico-sdk\src\rp2_common\pico_stdio\stdio.c.obj
                0x10004768                __wrap_putchar
 .text.__wrap_puts
                0x10004808       0x3c CMakeFiles\tambourduine.dir\C_\Pico\pico-sdk\src\rp2_common\pico_stdio\stdio.c.obj
                0x10004808                __wrap_puts
 .text._read    0x10004844       0x98 CMakeFiles\tambourduine.dir\C_\Pico\pico-sdk\src\rp2_common\pico_stdio\stdio.c.obj
                0x10004844                _read
 .text._write   0x100048dc       0xac CMakeFiles\tambourduine.dir\C_\Pico\pico-sdk\src\rp2_common\pico_stdio\stdio.c.obj
                0x100048dc                _write
 .text.__wrap_vprintf
                0x10004988       0xd8 CMakeFiles\tambourduine.dir\C_\Pico\pico-sdk\src\rp2_common\pico_stdio\stdio.c.obj
                0x10004988                __wrap_vprintf
 .text.__wrap_printf
                0x10004a60       0x18 CMakeFiles\tambourduine.dir\C_\Pico\pico-sdk\src\rp2_common\pico_stdio\stdio.c.obj
                0x10004a60                __wrap_printf
 .text.stdio_init_all
                0x10004a78        0x4 CMakeFiles\tambourduine.dir\C_\Pico\pico-sdk\src\rp2_common\pico_stdio\stdio.c.obj
                0x10004a78                stdio_init_all
 .text.__wrap_getchar
                0x10004a7c       0x74 CMakeFiles\tambourduine.dir\C_\Pico\pico-sdk\src\rp2_common\pico_stdio\stdio.c.obj
                0x10004a7c                __wrap_getchar
 .text.set_ms   0x10004af0       0x5c ..\servo\libpico_servo.a(servo.c.obj)
                0x10004af0                set_ms
 .text.init_servo
                0x10004b4c      0x148 ..\servo\libpico_servo.a(servo.c.obj)
                0x10004b4c                init_servo
 .text._calloc_r
                0x10004c94       0x9c c:/progra~2/gnuarm~1/102021~1.10/bin/../lib/gcc/arm-none-eabi/10.3.1/../../../../arm-none-eabi/lib/thumb/v6-m/nofp\libc.a(lib_a-callocr.o)
                0x10004c94                _calloc_r
 .text.__errno  0x10004d30        0xc c:/progra~2/gnuarm~1/102021~1.10/bin/../lib/gcc/arm-none-eabi/10.3.1/../../../../arm-none-eabi/lib/thumb/v6-m/nofp\libc.a(lib_a-errno.o)
                0x10004d30                __errno
 .text.malloc   0x10004d3c       0x14 c:/progra~2/gnuarm~1/102021~1.10/bin/../lib/gcc/arm-none-eabi/10.3.1/../../../../arm-none-eabi/lib/thumb/v6-m/nofp\libc.a(lib_a-malloc.o)
                0x10004d3c                malloc
 .text.free     0x10004d50       0x14 c:/progra~2/gnuarm~1/102021~1.10/bin/../lib/gcc/arm-none-eabi/10.3.1/../../../../arm-none-eabi/lib/thumb/v6-m/nofp\libc.a(lib_a-malloc.o)
                0x10004d50                free
 .text._malloc_r
                0x10004d64      0x584 c:/progra~2/gnuarm~1/102021~1.10/bin/../lib/gcc/arm-none-eabi/10.3.1/../../../../arm-none-eabi/lib/thumb/v6-m/nofp\libc.a(lib_a-mallocr.o)
                0x10004d64                _malloc_r
 .text.__malloc_lock
                0x100052e8       0x10 c:/progra~2/gnuarm~1/102021~1.10/bin/../lib/gcc/arm-none-eabi/10.3.1/../../../../arm-none-eabi/lib/thumb/v6-m/nofp\libc.a(lib_a-mlock.o)
                0x100052e8                __malloc_lock
 .text.__malloc_unlock
                0x100052f8       0x10 c:/progra~2/gnuarm~1/102021~1.10/bin/../lib/gcc/arm-none-eabi/10.3.1/../../../../arm-none-eabi/lib/thumb/v6-m/nofp\libc.a(lib_a-mlock.o)
                0x100052f8                __malloc_unlock
 .text._sbrk_r  0x10005308       0x24 c:/progra~2/gnuarm~1/102021~1.10/bin/../lib/gcc/arm-none-eabi/10.3.1/../../../../arm-none-eabi/lib/thumb/v6-m/nofp\libc.a(lib_a-sbrkr.o)
                0x10005308                _sbrk_r
 .text.scanf    0x1000532c       0x24 c:/progra~2/gnuarm~1/102021~1.10/bin/../lib/gcc/arm-none-eabi/10.3.1/../../../../arm-none-eabi/lib/thumb/v6-m/nofp\libc.a(lib_a-scanf.o)
                0x1000532c                scanf
 .text.strlen   0x10005350       0x5c c:/progra~2/gnuarm~1/102021~1.10/bin/../lib/gcc/arm-none-eabi/10.3.1/../../../../arm-none-eabi/lib/thumb/v6-m/nofp\libc.a(lib_a-strlen-stub.o)
                0x10005350                strlen
 .text.__svfscanf_r
                0x100053ac     0x17d8 c:/progra~2/gnuarm~1/102021~1.10/bin/../lib/gcc/arm-none-eabi/10.3.1/../../../../arm-none-eabi/lib/thumb/v6-m/nofp\libc.a(lib_a-vfscanf.o)
                0x100053ac                __svfscanf_r
 .text._vfscanf_r
                0x10006b84       0x28 c:/progra~2/gnuarm~1/102021~1.10/bin/../lib/gcc/arm-none-eabi/10.3.1/../../../../arm-none-eabi/lib/thumb/v6-m/nofp\libc.a(lib_a-vfscanf.o)
                0x10006b84                _vfscanf_r
 .text._cleanup_r
                0x10006bac       0x10 c:/progra~2/gnuarm~1/102021~1.10/bin/../lib/gcc/arm-none-eabi/10.3.1/../../../../arm-none-eabi/lib/thumb/v6-m/nofp\libc.a(lib_a-findfp.o)
                0x10006bac                _cleanup_r
 .text.__sinit  0x10006bbc      0x120 c:/progra~2/gnuarm~1/102021~1.10/bin/../lib/gcc/arm-none-eabi/10.3.1/../../../../arm-none-eabi/lib/thumb/v6-m/nofp\libc.a(lib_a-findfp.o)
                0x10006bbc                __sinit
 .text.__sfp_lock_acquire
                0x10006cdc       0x10 c:/progra~2/gnuarm~1/102021~1.10/bin/../lib/gcc/arm-none-eabi/10.3.1/../../../../arm-none-eabi/lib/thumb/v6-m/nofp\libc.a(lib_a-findfp.o)
                0x10006cdc                __sfp_lock_acquire
 .text.__sfp_lock_release
                0x10006cec       0x10 c:/progra~2/gnuarm~1/102021~1.10/bin/../lib/gcc/arm-none-eabi/10.3.1/../../../../arm-none-eabi/lib/thumb/v6-m/nofp\libc.a(lib_a-findfp.o)
                0x10006cec                __sfp_lock_release
 .text._fread_r
                0x10006cfc      0x1bc c:/progra~2/gnuarm~1/102021~1.10/bin/../lib/gcc/arm-none-eabi/10.3.1/../../../../arm-none-eabi/lib/thumb/v6-m/nofp\libc.a(lib_a-fread.o)
                0x10006cfc                _fread_r
 .text._malloc_trim_r
                0x10006eb8       0x9c c:/progra~2/gnuarm~1/102021~1.10/bin/../lib/gcc/arm-none-eabi/10.3.1/../../../../arm-none-eabi/lib/thumb/v6-m/nofp\libc.a(lib_a-freer.o)
                0x10006eb8                _malloc_trim_r
 .text._free_r  0x10006f54      0x1c4 c:/progra~2/gnuarm~1/102021~1.10/bin/../lib/gcc/arm-none-eabi/10.3.1/../../../../arm-none-eabi/lib/thumb/v6-m/nofp\libc.a(lib_a-freer.o)
                0x10006f54                _free_r
 .text._fwalk   0x10007118       0x40 c:/progra~2/gnuarm~1/102021~1.10/bin/../lib/gcc/arm-none-eabi/10.3.1/../../../../arm-none-eabi/lib/thumb/v6-m/nofp\libc.a(lib_a-fwalk.o)
                0x10007118                _fwalk
 .text._fwalk_reent
                0x10007158       0x48 c:/progra~2/gnuarm~1/102021~1.10/bin/../lib/gcc/arm-none-eabi/10.3.1/../../../../arm-none-eabi/lib/thumb/v6-m/nofp\libc.a(lib_a-fwalk.o)
                0x10007158                _fwalk_reent
 .text.iswspace
                0x100071a0        0xc c:/progra~2/gnuarm~1/102021~1.10/bin/../lib/gcc/arm-none-eabi/10.3.1/../../../../arm-none-eabi/lib/thumb/v6-m/nofp\libc.a(lib_a-iswspace.o)
                0x100071a0                iswspace
 .text.iswspace_l
                0x100071ac       0x18 c:/progra~2/gnuarm~1/102021~1.10/bin/../lib/gcc/arm-none-eabi/10.3.1/../../../../arm-none-eabi/lib/thumb/v6-m/nofp\libc.a(lib_a-iswspace_l.o)
                0x100071ac                iswspace_l
 .text.__locale_mb_cur_max
                0x100071c4       0x10 c:/progra~2/gnuarm~1/102021~1.10/bin/../lib/gcc/arm-none-eabi/10.3.1/../../../../arm-none-eabi/lib/thumb/v6-m/nofp\libc.a(lib_a-locale.o)
                0x100071c4                __locale_mb_cur_max
 .text._localeconv_r
                0x100071d4        0x8 c:/progra~2/gnuarm~1/102021~1.10/bin/../lib/gcc/arm-none-eabi/10.3.1/../../../../arm-none-eabi/lib/thumb/v6-m/nofp\libc.a(lib_a-localeconv.o)
                0x100071d4                _localeconv_r
 .text.__retarget_lock_init_recursive
                0x100071dc        0x4 c:/progra~2/gnuarm~1/102021~1.10/bin/../lib/gcc/arm-none-eabi/10.3.1/../../../../arm-none-eabi/lib/thumb/v6-m/nofp\libc.a(lib_a-lock.o)
                0x100071dc                __retarget_lock_init_recursive
 .text.__retarget_lock_close_recursive
                0x100071e0        0x4 c:/progra~2/gnuarm~1/102021~1.10/bin/../lib/gcc/arm-none-eabi/10.3.1/../../../../arm-none-eabi/lib/thumb/v6-m/nofp\libc.a(lib_a-lock.o)
                0x100071e0                __retarget_lock_close_recursive
 .text.__retarget_lock_acquire_recursive
                0x100071e4        0x4 c:/progra~2/gnuarm~1/102021~1.10/bin/../lib/gcc/arm-none-eabi/10.3.1/../../../../arm-none-eabi/lib/thumb/v6-m/nofp\libc.a(lib_a-lock.o)
                0x100071e4                __retarget_lock_acquire_recursive
 .text.__retarget_lock_release_recursive
                0x100071e8        0x4 c:/progra~2/gnuarm~1/102021~1.10/bin/../lib/gcc/arm-none-eabi/10.3.1/../../../../arm-none-eabi/lib/thumb/v6-m/nofp\libc.a(lib_a-lock.o)
                0x100071e8                __retarget_lock_release_recursive
 .text._mbrtowc_r
                0x100071ec       0x4c c:/progra~2/gnuarm~1/102021~1.10/bin/../lib/gcc/arm-none-eabi/10.3.1/../../../../arm-none-eabi/lib/thumb/v6-m/nofp\libc.a(lib_a-mbrtowc.o)
                0x100071ec                _mbrtowc_r
 .text.__ascii_mbtowc
                0x10007238       0x2c c:/progra~2/gnuarm~1/102021~1.10/bin/../lib/gcc/arm-none-eabi/10.3.1/../../../../arm-none-eabi/lib/thumb/v6-m/nofp\libc.a(lib_a-mbtowc_r.o)
                0x10007238                __ascii_mbtowc
 .text.realloc  0x10007264       0x18 c:/progra~2/gnuarm~1/102021~1.10/bin/../lib/gcc/arm-none-eabi/10.3.1/../../../../arm-none-eabi/lib/thumb/v6-m/nofp\libc.a(lib_a-realloc.o)
                0x10007264                realloc
 .text._realloc_r
                0x1000727c      0x354 c:/progra~2/gnuarm~1/102021~1.10/bin/../lib/gcc/arm-none-eabi/10.3.1/../../../../arm-none-eabi/lib/thumb/v6-m/nofp\libc.a(lib_a-reallocr.o)
                0x1000727c                _realloc_r
 .text.lflush   0x100075d0       0x1c c:/progra~2/gnuarm~1/102021~1.10/bin/../lib/gcc/arm-none-eabi/10.3.1/../../../../arm-none-eabi/lib/thumb/v6-m/nofp\libc.a(lib_a-refill.o)
 .text.__srefill_r
                0x100075ec      0x124 c:/progra~2/gnuarm~1/102021~1.10/bin/../lib/gcc/arm-none-eabi/10.3.1/../../../../arm-none-eabi/lib/thumb/v6-m/nofp\libc.a(lib_a-refill.o)
                0x100075ec                __srefill_r
 .text.__sccl   0x10007710       0x80 c:/progra~2/gnuarm~1/102021~1.10/bin/../lib/gcc/arm-none-eabi/10.3.1/../../../../arm-none-eabi/lib/thumb/v6-m/nofp\libc.a(lib_a-sccl.o)
                0x10007710                __sccl
 .text.nanf     0x10007790        0x8 c:/progra~2/gnuarm~1/102021~1.10/bin/../lib/gcc/arm-none-eabi/10.3.1/../../../../arm-none-eabi/lib/thumb/v6-m/nofp\libc.a(lib_a-sf_nan.o)
                0x10007790                nanf
 .text.__sread  0x10007798       0x28 c:/progra~2/gnuarm~1/102021~1.10/bin/../lib/gcc/arm-none-eabi/10.3.1/../../../../arm-none-eabi/lib/thumb/v6-m/nofp\libc.a(lib_a-stdio.o)
                0x10007798                __sread
 .text.__swrite
                0x100077c0       0x40 c:/progra~2/gnuarm~1/102021~1.10/bin/../lib/gcc/arm-none-eabi/10.3.1/../../../../arm-none-eabi/lib/thumb/v6-m/nofp\libc.a(lib_a-stdio.o)
                0x100077c0                __swrite
 .text.__sseek  0x10007800       0x2c c:/progra~2/gnuarm~1/102021~1.10/bin/../lib/gcc/arm-none-eabi/10.3.1/../../../../arm-none-eabi/lib/thumb/v6-m/nofp\libc.a(lib_a-stdio.o)
                0x10007800                __sseek
 .text.__sclose
                0x1000782c        0xc c:/progra~2/gnuarm~1/102021~1.10/bin/../lib/gcc/arm-none-eabi/10.3.1/../../../../arm-none-eabi/lib/thumb/v6-m/nofp\libc.a(lib_a-stdio.o)
                0x1000782c                __sclose
 .text._strtod_l
                0x10007838      0xf78 c:/progra~2/gnuarm~1/102021~1.10/bin/../lib/gcc/arm-none-eabi/10.3.1/../../../../arm-none-eabi/lib/thumb/v6-m/nofp\libc.a(lib_a-strtod.o)
                0x10007838                _strtod_l
 .text._strtod_r
                0x100087b0       0x10 c:/progra~2/gnuarm~1/102021~1.10/bin/../lib/gcc/arm-none-eabi/10.3.1/../../../../arm-none-eabi/lib/thumb/v6-m/nofp\libc.a(lib_a-strtod.o)
                0x100087b0                _strtod_r
 .text._strtol_l.part.0
                0x100087c0      0x144 c:/progra~2/gnuarm~1/102021~1.10/bin/../lib/gcc/arm-none-eabi/10.3.1/../../../../arm-none-eabi/lib/thumb/v6-m/nofp\libc.a(lib_a-strtol.o)
 .text._strtol_r
                0x10008904       0x1c c:/progra~2/gnuarm~1/102021~1.10/bin/../lib/gcc/arm-none-eabi/10.3.1/../../../../arm-none-eabi/lib/thumb/v6-m/nofp\libc.a(lib_a-strtol.o)
                0x10008904                _strtol_r
 .text._strtoll_l.constprop.0
                0x10008920      0x198 c:/progra~2/gnuarm~1/102021~1.10/bin/../lib/gcc/arm-none-eabi/10.3.1/../../../../arm-none-eabi/lib/thumb/v6-m/nofp\libc.a(lib_a-strtoll.o)
 .text._strtoll_r
                0x10008ab8        0x8 c:/progra~2/gnuarm~1/102021~1.10/bin/../lib/gcc/arm-none-eabi/10.3.1/../../../../arm-none-eabi/lib/thumb/v6-m/nofp\libc.a(lib_a-strtoll.o)
                0x10008ab8                _strtoll_r
 .text._strtoul_l.constprop.0
                0x10008ac0      0x148 c:/progra~2/gnuarm~1/102021~1.10/bin/../lib/gcc/arm-none-eabi/10.3.1/../../../../arm-none-eabi/lib/thumb/v6-m/nofp\libc.a(lib_a-strtoul.o)
 .text._strtoul_r
                0x10008c08        0x8 c:/progra~2/gnuarm~1/102021~1.10/bin/../lib/gcc/arm-none-eabi/10.3.1/../../../../arm-none-eabi/lib/thumb/v6-m/nofp\libc.a(lib_a-strtoul.o)
                0x10008c08                _strtoul_r
 .text._strtoull_l.constprop.0
                0x10008c10      0x1bc c:/progra~2/gnuarm~1/102021~1.10/bin/../lib/gcc/arm-none-eabi/10.3.1/../../../../arm-none-eabi/lib/thumb/v6-m/nofp\libc.a(lib_a-strtoull.o)
 .text._strtoull_r
                0x10008dcc        0x8 c:/progra~2/gnuarm~1/102021~1.10/bin/../lib/gcc/arm-none-eabi/10.3.1/../../../../arm-none-eabi/lib/thumb/v6-m/nofp\libc.a(lib_a-strtoull.o)
                0x10008dcc                _strtoull_r
 .text.__submore
                0x10008dd4       0x84 c:/progra~2/gnuarm~1/102021~1.10/bin/../lib/gcc/arm-none-eabi/10.3.1/../../../../arm-none-eabi/lib/thumb/v6-m/nofp\libc.a(lib_a-ungetc.o)
                0x10008dd4                __submore
 .text._ungetc_r
                0x10008e58      0x138 c:/progra~2/gnuarm~1/102021~1.10/bin/../lib/gcc/arm-none-eabi/10.3.1/../../../../arm-none-eabi/lib/thumb/v6-m/nofp\libc.a(lib_a-ungetc.o)
                0x10008e58                _ungetc_r
 .text.__ascii_wctomb
                0x10008f90       0x1c c:/progra~2/gnuarm~1/102021~1.10/bin/../lib/gcc/arm-none-eabi/10.3.1/../../../../arm-none-eabi/lib/thumb/v6-m/nofp\libc.a(lib_a-wctomb_r.o)
                0x10008f90                __ascii_wctomb
 .text._write_r
                0x10008fac       0x28 c:/progra~2/gnuarm~1/102021~1.10/bin/../lib/gcc/arm-none-eabi/10.3.1/../../../../arm-none-eabi/lib/thumb/v6-m/nofp\libc.a(lib_a-writer.o)
                0x10008fac                _write_r
 .text._close_r
                0x10008fd4       0x24 c:/progra~2/gnuarm~1/102021~1.10/bin/../lib/gcc/arm-none-eabi/10.3.1/../../../../arm-none-eabi/lib/thumb/v6-m/nofp\libc.a(lib_a-closer.o)
                0x10008fd4                _close_r
 .text._fclose_r
                0x10008ff8       0xdc c:/progra~2/gnuarm~1/102021~1.10/bin/../lib/gcc/arm-none-eabi/10.3.1/../../../../arm-none-eabi/lib/thumb/v6-m/nofp\libc.a(lib_a-fclose.o)
                0x10008ff8                _fclose_r
 .text.__sflush_r
                0x100090d4      0x140 c:/progra~2/gnuarm~1/102021~1.10/bin/../lib/gcc/arm-none-eabi/10.3.1/../../../../arm-none-eabi/lib/thumb/v6-m/nofp\libc.a(lib_a-fflush.o)
                0x100090d4                __sflush_r
 .text._fflush_r
                0x10009214       0x6c c:/progra~2/gnuarm~1/102021~1.10/bin/../lib/gcc/arm-none-eabi/10.3.1/../../../../arm-none-eabi/lib/thumb/v6-m/nofp\libc.a(lib_a-fflush.o)
                0x10009214                _fflush_r
 .text.fflush   0x10009280       0x78 c:/progra~2/gnuarm~1/102021~1.10/bin/../lib/gcc/arm-none-eabi/10.3.1/../../../../arm-none-eabi/lib/thumb/v6-m/nofp\libc.a(lib_a-fflush.o)
                0x10009280                fflush
 .text.rshift   0x100092f8       0xa4 c:/progra~2/gnuarm~1/102021~1.10/bin/../lib/gcc/arm-none-eabi/10.3.1/../../../../arm-none-eabi/lib/thumb/v6-m/nofp\libc.a(lib_a-gdtoa-gethex.o)
 .text.__gethex
                0x1000939c      0x5cc c:/progra~2/gnuarm~1/102021~1.10/bin/../lib/gcc/arm-none-eabi/10.3.1/../../../../arm-none-eabi/lib/thumb/v6-m/nofp\libc.a(lib_a-gdtoa-gethex.o)
                0x1000939c                __gethex
 .text.__match  0x10009968       0x2c c:/progra~2/gnuarm~1/102021~1.10/bin/../lib/gcc/arm-none-eabi/10.3.1/../../../../arm-none-eabi/lib/thumb/v6-m/nofp\libc.a(lib_a-gdtoa-hexnan.o)
                0x10009968                __match
 .text.__hexnan
                0x10009994      0x1d0 c:/progra~2/gnuarm~1/102021~1.10/bin/../lib/gcc/arm-none-eabi/10.3.1/../../../../arm-none-eabi/lib/thumb/v6-m/nofp\libc.a(lib_a-gdtoa-hexnan.o)
                0x10009994                __hexnan
 .text._lseek_r
                0x10009b64       0x28 c:/progra~2/gnuarm~1/102021~1.10/bin/../lib/gcc/arm-none-eabi/10.3.1/../../../../arm-none-eabi/lib/thumb/v6-m/nofp\libc.a(lib_a-lseekr.o)
                0x10009b64                _lseek_r
 .text.__smakebuf_r
                0x10009b8c       0xe4 c:/progra~2/gnuarm~1/102021~1.10/bin/../lib/gcc/arm-none-eabi/10.3.1/../../../../arm-none-eabi/lib/thumb/v6-m/nofp\libc.a(lib_a-makebuf.o)
                0x10009b8c                __smakebuf_r
 .text._Balloc  0x10009c70       0x50 c:/progra~2/gnuarm~1/102021~1.10/bin/../lib/gcc/arm-none-eabi/10.3.1/../../../../arm-none-eabi/lib/thumb/v6-m/nofp\libc.a(lib_a-mprec.o)
                0x10009c70                _Balloc
 .text._Bfree   0x10009cc0       0x14 c:/progra~2/gnuarm~1/102021~1.10/bin/../lib/gcc/arm-none-eabi/10.3.1/../../../../arm-none-eabi/lib/thumb/v6-m/nofp\libc.a(lib_a-mprec.o)
                0x10009cc0                _Bfree
 .text.__multadd
                0x10009cd4       0xa8 c:/progra~2/gnuarm~1/102021~1.10/bin/../lib/gcc/arm-none-eabi/10.3.1/../../../../arm-none-eabi/lib/thumb/v6-m/nofp\libc.a(lib_a-mprec.o)
                0x10009cd4                __multadd
 .text.__s2b    0x10009d7c       0xb0 c:/progra~2/gnuarm~1/102021~1.10/bin/../lib/gcc/arm-none-eabi/10.3.1/../../../../arm-none-eabi/lib/thumb/v6-m/nofp\libc.a(lib_a-mprec.o)
                0x10009d7c                __s2b
 .text.__hi0bits
                0x10009e2c       0x38 c:/progra~2/gnuarm~1/102021~1.10/bin/../lib/gcc/arm-none-eabi/10.3.1/../../../../arm-none-eabi/lib/thumb/v6-m/nofp\libc.a(lib_a-mprec.o)
                0x10009e2c                __hi0bits
 .text.__lo0bits
                0x10009e64       0x5c c:/progra~2/gnuarm~1/102021~1.10/bin/../lib/gcc/arm-none-eabi/10.3.1/../../../../arm-none-eabi/lib/thumb/v6-m/nofp\libc.a(lib_a-mprec.o)
                0x10009e64                __lo0bits
 .text.__i2b    0x10009ec0       0x60 c:/progra~2/gnuarm~1/102021~1.10/bin/../lib/gcc/arm-none-eabi/10.3.1/../../../../arm-none-eabi/lib/thumb/v6-m/nofp\libc.a(lib_a-mprec.o)
                0x10009ec0                __i2b
 .text.__multiply
                0x10009f20      0x1a4 c:/progra~2/gnuarm~1/102021~1.10/bin/../lib/gcc/arm-none-eabi/10.3.1/../../../../arm-none-eabi/lib/thumb/v6-m/nofp\libc.a(lib_a-mprec.o)
                0x10009f20                __multiply
 .text.__pow5mult
                0x1000a0c4       0xd8 c:/progra~2/gnuarm~1/102021~1.10/bin/../lib/gcc/arm-none-eabi/10.3.1/../../../../arm-none-eabi/lib/thumb/v6-m/nofp\libc.a(lib_a-mprec.o)
                0x1000a0c4                __pow5mult
 .text.__lshift
                0x1000a19c       0xfc c:/progra~2/gnuarm~1/102021~1.10/bin/../lib/gcc/arm-none-eabi/10.3.1/../../../../arm-none-eabi/lib/thumb/v6-m/nofp\libc.a(lib_a-mprec.o)
                0x1000a19c                __lshift
 .text.__mcmp   0x1000a298       0x34 c:/progra~2/gnuarm~1/102021~1.10/bin/../lib/gcc/arm-none-eabi/10.3.1/../../../../arm-none-eabi/lib/thumb/v6-m/nofp\libc.a(lib_a-mprec.o)
                0x1000a298                __mcmp
 .text.__mdiff  0x1000a2cc      0x18c c:/progra~2/gnuarm~1/102021~1.10/bin/../lib/gcc/arm-none-eabi/10.3.1/../../../../arm-none-eabi/lib/thumb/v6-m/nofp\libc.a(lib_a-mprec.o)
                0x1000a2cc                __mdiff
 .text.__ulp    0x1000a458       0x48 c:/progra~2/gnuarm~1/102021~1.10/bin/../lib/gcc/arm-none-eabi/10.3.1/../../../../arm-none-eabi/lib/thumb/v6-m/nofp\libc.a(lib_a-mprec.o)
                0x1000a458                __ulp
 .text.__b2d    0x1000a4a0       0xc8 c:/progra~2/gnuarm~1/102021~1.10/bin/../lib/gcc/arm-none-eabi/10.3.1/../../../../arm-none-eabi/lib/thumb/v6-m/nofp\libc.a(lib_a-mprec.o)
                0x1000a4a0                __b2d
 .text.__d2b    0x1000a568       0xd8 c:/progra~2/gnuarm~1/102021~1.10/bin/../lib/gcc/arm-none-eabi/10.3.1/../../../../arm-none-eabi/lib/thumb/v6-m/nofp\libc.a(lib_a-mprec.o)
                0x1000a568                __d2b
 .text.__ratio  0x1000a640       0x68 c:/progra~2/gnuarm~1/102021~1.10/bin/../lib/gcc/arm-none-eabi/10.3.1/../../../../arm-none-eabi/lib/thumb/v6-m/nofp\libc.a(lib_a-mprec.o)
                0x1000a640                __ratio
 .text.__copybits
                0x1000a6a8       0x40 c:/progra~2/gnuarm~1/102021~1.10/bin/../lib/gcc/arm-none-eabi/10.3.1/../../../../arm-none-eabi/lib/thumb/v6-m/nofp\libc.a(lib_a-mprec.o)
                0x1000a6a8                __copybits
 .text.__any_on
                0x1000a6e8       0x50 c:/progra~2/gnuarm~1/102021~1.10/bin/../lib/gcc/arm-none-eabi/10.3.1/../../../../arm-none-eabi/lib/thumb/v6-m/nofp\libc.a(lib_a-mprec.o)
                0x1000a6e8                __any_on
 .text._read_r  0x1000a738       0x28 c:/progra~2/gnuarm~1/102021~1.10/bin/../lib/gcc/arm-none-eabi/10.3.1/../../../../arm-none-eabi/lib/thumb/v6-m/nofp\libc.a(lib_a-readr.o)
                0x1000a738                _read_r
 .text.nan      0x1000a760        0xc c:/progra~2/gnuarm~1/102021~1.10/bin/../lib/gcc/arm-none-eabi/10.3.1/../../../../arm-none-eabi/lib/thumb/v6-m/nofp\libc.a(lib_a-s_nan.o)
                0x1000a760                nan
 .text.strncmp  0x1000a76c       0x74 c:/progra~2/gnuarm~1/102021~1.10/bin/../lib/gcc/arm-none-eabi/10.3.1/../../../../arm-none-eabi/lib/thumb/v6-m/nofp\libc.a(lib_a-strncmp.o)
                0x1000a76c                strncmp
 .text._fstat_r
                0x1000a7e0       0x28 c:/progra~2/gnuarm~1/102021~1.10/bin/../lib/gcc/arm-none-eabi/10.3.1/../../../../arm-none-eabi/lib/thumb/v6-m/nofp\libc.a(lib_a-fstatr.o)
                0x1000a7e0                _fstat_r
 .text._isatty_r
                0x1000a808       0x24 c:/progra~2/gnuarm~1/102021~1.10/bin/../lib/gcc/arm-none-eabi/10.3.1/../../../../arm-none-eabi/lib/thumb/v6-m/nofp\libc.a(lib_a-isattyr.o)
                0x1000a808                _isatty_r
 .text._close   0x1000a82c       0x10 c:/progra~2/gnuarm~1/102021~1.10/bin/../lib/gcc/arm-none-eabi/10.3.1/../../../../arm-none-eabi/lib/thumb/v6-m/nofp\libnosys.a(close.o)
                0x1000a82c                _close
 .text._fstat   0x1000a83c       0x10 c:/progra~2/gnuarm~1/102021~1.10/bin/../lib/gcc/arm-none-eabi/10.3.1/../../../../arm-none-eabi/lib/thumb/v6-m/nofp\libnosys.a(fstat.o)
                0x1000a83c                _fstat
 .text._isatty  0x1000a84c       0x10 c:/progra~2/gnuarm~1/102021~1.10/bin/../lib/gcc/arm-none-eabi/10.3.1/../../../../arm-none-eabi/lib/thumb/v6-m/nofp\libnosys.a(isatty.o)
                0x1000a84c                _isatty
 .text._lseek   0x1000a85c       0x10 c:/progra~2/gnuarm~1/102021~1.10/bin/../lib/gcc/arm-none-eabi/10.3.1/../../../../arm-none-eabi/lib/thumb/v6-m/nofp\libnosys.a(lseek.o)
                0x1000a85c                _lseek
 *(.fini)
 .fini          0x1000a86c        0x4 c:/progra~2/gnuarm~1/102021~1.10/bin/../lib/gcc/arm-none-eabi/10.3.1/thumb/v6-m/nofp/crti.o
                0x1000a86c                _fini
 .fini.__stub   0x1000a870       0x60 linker stubs
 *crtbegin.o(.ctors)
 *crtbegin?.o(.ctors)
 *(EXCLUDE_FILE(*crtend.o *crtend?.o) .ctors)
 *(SORT_BY_NAME(.ctors.*))
 *(.ctors)
 *crtbegin.o(.dtors)
 *crtbegin?.o(.dtors)
 *(EXCLUDE_FILE(*crtend.o *crtend?.o) .dtors)
 *(SORT_BY_NAME(.dtors.*))
 *(.dtors)
 *(.eh_frame*)
 .eh_frame      0x1000a8d0        0x0 c:/progra~2/gnuarm~1/102021~1.10/bin/../lib/gcc/arm-none-eabi/10.3.1/thumb/v6-m/nofp/crtbegin.o
                0x1000a8d0                . = ALIGN (0x4)

.glue_7         0x1000a8d0        0x0
 .glue_7        0x1000a8d0        0x0 linker stubs

.glue_7t        0x1000a8d0        0x0
 .glue_7t       0x1000a8d0        0x0 linker stubs

.vfp11_veneer   0x1000a8d0        0x0
 .vfp11_veneer  0x1000a8d0        0x0 linker stubs

.v4_bx          0x1000a8d0        0x0
 .v4_bx         0x1000a8d0        0x0 linker stubs

.iplt           0x1000a8d0        0x0
 .iplt          0x1000a8d0        0x0 c:/progra~2/gnuarm~1/102021~1.10/bin/../lib/gcc/arm-none-eabi/10.3.1/thumb/v6-m/nofp/crtbegin.o

.rodata         0x1000a8d0      0xda4
 *(EXCLUDE_FILE(*libm.a: *libc.a:*lib_a-mem*.o *libgcc.a:) .rodata*)
 .rodata.main.str1.4
                0x1000a8d0       0x47 CMakeFiles\tambourduine.dir\main.c.obj
 *fill*         0x1000a917        0x1 
 .rodata.main   0x1000a918       0x4c CMakeFiles\tambourduine.dir\main.c.obj
 .rodata.fan.str1.4
                0x1000a964        0x6 CMakeFiles\tambourduine.dir\tambourduine.c.obj
 .rodata.vertical.str1.4
                0x1000a964        0x6 CMakeFiles\tambourduine.dir\tambourduine.c.obj
 .rodata.percussion.str1.4
                0x1000a964        0x7 CMakeFiles\tambourduine.dir\tambourduine.c.obj
 *fill*         0x1000a964        0x4 
 .rodata.at_the_end_of_time
                0x1000a968        0x8 CMakeFiles\tambourduine.dir\C_\Pico\pico-sdk\src\common\pico_time\time.c.obj
                0x1000a968                at_the_end_of_time
 .rodata.hardware_alarm_claim.str1.4
                0x1000a970       0x22 CMakeFiles\tambourduine.dir\C_\Pico\pico-sdk\src\rp2_common\hardware_timer\timer.c.obj
 *fill*         0x1000a992        0x2 
 .rodata.__assert_func.str1.4
                0x1000a994       0x3f CMakeFiles\tambourduine.dir\C_\Pico\pico-sdk\src\rp2_common\pico_runtime\runtime.c.obj
                                 0x43 (size before relaxing)
 *fill*         0x1000a9d3        0x1 
 .rodata.panic.str1.4
                0x1000a9d4       0x12 CMakeFiles\tambourduine.dir\C_\Pico\pico-sdk\src\rp2_common\pico_runtime\runtime.c.obj
 *fill*         0x1000a9e6        0x2 
 .rodata.hard_assertion_failure.str1.4
                0x1000a9e8        0xc CMakeFiles\tambourduine.dir\C_\Pico\pico-sdk\src\rp2_common\pico_runtime\runtime.c.obj
 .rodata._ftoa.str1.4
                0x1000a9f4       0x15 CMakeFiles\tambourduine.dir\C_\Pico\pico-sdk\src\rp2_common\pico_printf\printf.c.obj
 *fill*         0x1000aa09        0x3 
 .rodata._vsnprintf
                0x1000aa0c      0x1e0 CMakeFiles\tambourduine.dir\C_\Pico\pico-sdk\src\rp2_common\pico_printf\printf.c.obj
 *fill*         0x1000abec        0x4 
 .rodata.pow10.0
                0x1000abf0       0x50 CMakeFiles\tambourduine.dir\C_\Pico\pico-sdk\src\rp2_common\pico_printf\printf.c.obj
 .rodata.__wrap_malloc.str1.4
                0x1000ac40        0xe CMakeFiles\tambourduine.dir\C_\Pico\pico-sdk\src\rp2_common\pico_malloc\pico_malloc.c.obj
 *fill*         0x1000ac4e        0x2 
 .rodata.str1.4
                0x1000ac50       0x88 CMakeFiles\tambourduine.dir\C_\Pico\pico-sdk\src\rp2_common\pico_standard_link\binary_info.c.obj
 .rodata.__bi_44
                0x1000acd8        0xc CMakeFiles\tambourduine.dir\C_\Pico\pico-sdk\src\rp2_common\pico_standard_link\binary_info.c.obj
 .rodata.__bi_69
                0x1000ace4        0xc CMakeFiles\tambourduine.dir\C_\Pico\pico-sdk\src\rp2_common\pico_standard_link\binary_info.c.obj
 .rodata.__bi_75
                0x1000acf0        0xc CMakeFiles\tambourduine.dir\C_\Pico\pico-sdk\src\rp2_common\pico_standard_link\binary_info.c.obj
 .rodata.__bi_81
                0x1000acfc        0xc CMakeFiles\tambourduine.dir\C_\Pico\pico-sdk\src\rp2_common\pico_standard_link\binary_info.c.obj
 .rodata.crlf_str.0
                0x1000ad08        0x2 CMakeFiles\tambourduine.dir\C_\Pico\pico-sdk\src\rp2_common\pico_stdio\stdio.c.obj
 *fill*         0x1000ad0a        0x2 
 .rodata._global_impure_ptr
                0x1000ad0c        0x4 c:/progra~2/gnuarm~1/102021~1.10/bin/../lib/gcc/arm-none-eabi/10.3.1/../../../../arm-none-eabi/lib/thumb/v6-m/nofp\libc.a(lib_a-impure.o)
                0x1000ad0c                _global_impure_ptr
 .rodata.__svfscanf_r.str1.4
                0x1000ad10        0x5 c:/progra~2/gnuarm~1/102021~1.10/bin/../lib/gcc/arm-none-eabi/10.3.1/../../../../arm-none-eabi/lib/thumb/v6-m/nofp\libc.a(lib_a-vfscanf.o)
                                  0x9 (size before relaxing)
 *fill*         0x1000ad15        0x3 
 .rodata.__svfscanf_r
                0x1000ad18      0x3cc c:/progra~2/gnuarm~1/102021~1.10/bin/../lib/gcc/arm-none-eabi/10.3.1/../../../../arm-none-eabi/lib/thumb/v6-m/nofp\libc.a(lib_a-vfscanf.o)
 .rodata.basefix.0
                0x1000b0e4       0x22 c:/progra~2/gnuarm~1/102021~1.10/bin/../lib/gcc/arm-none-eabi/10.3.1/../../../../arm-none-eabi/lib/thumb/v6-m/nofp\libc.a(lib_a-vfscanf.o)
 *fill*         0x1000b106        0x2 
 .rodata._ctype_
                0x1000b108      0x101 c:/progra~2/gnuarm~1/102021~1.10/bin/../lib/gcc/arm-none-eabi/10.3.1/../../../../arm-none-eabi/lib/thumb/v6-m/nofp\libc.a(lib_a-ctype_.o)
                0x1000b108                _ctype_
 *fill*         0x1000b209        0x3 
 .rodata._setlocale_r.str1.4
                0x1000b20c        0xa c:/progra~2/gnuarm~1/102021~1.10/bin/../lib/gcc/arm-none-eabi/10.3.1/../../../../arm-none-eabi/lib/thumb/v6-m/nofp\libc.a(lib_a-locale.o)
                                  0xd (size before relaxing)
 *fill*         0x1000b216        0x2 
 .rodata.str1.4
                0x1000b218        0x2 c:/progra~2/gnuarm~1/102021~1.10/bin/../lib/gcc/arm-none-eabi/10.3.1/../../../../arm-none-eabi/lib/thumb/v6-m/nofp\libc.a(lib_a-locale.o)
 .rodata._mbrtowc_r.str1.4
                0x1000b21a        0x1 c:/progra~2/gnuarm~1/102021~1.10/bin/../lib/gcc/arm-none-eabi/10.3.1/../../../../arm-none-eabi/lib/thumb/v6-m/nofp\libc.a(lib_a-mbrtowc.o)
 *fill*         0x1000b21a        0x2 
 .rodata._strtod_l.str1.4
                0x1000b21c        0xf c:/progra~2/gnuarm~1/102021~1.10/bin/../lib/gcc/arm-none-eabi/10.3.1/../../../../arm-none-eabi/lib/thumb/v6-m/nofp\libc.a(lib_a-strtod.o)
                                 0x11 (size before relaxing)
 *fill*         0x1000b22b        0x1 
 .rodata._strtod_l
                0x1000b22c       0xd0 c:/progra~2/gnuarm~1/102021~1.10/bin/../lib/gcc/arm-none-eabi/10.3.1/../../../../arm-none-eabi/lib/thumb/v6-m/nofp\libc.a(lib_a-strtod.o)
 .rodata.fpi.1  0x1000b2fc       0x14 c:/progra~2/gnuarm~1/102021~1.10/bin/../lib/gcc/arm-none-eabi/10.3.1/../../../../arm-none-eabi/lib/thumb/v6-m/nofp\libc.a(lib_a-strtod.o)
 .rodata.fpinan.0
                0x1000b310       0x14 c:/progra~2/gnuarm~1/102021~1.10/bin/../lib/gcc/arm-none-eabi/10.3.1/../../../../arm-none-eabi/lib/thumb/v6-m/nofp\libc.a(lib_a-strtod.o)
 *fill*         0x1000b324        0x4 
 .rodata.tinytens
                0x1000b328       0x28 c:/progra~2/gnuarm~1/102021~1.10/bin/../lib/gcc/arm-none-eabi/10.3.1/../../../../arm-none-eabi/lib/thumb/v6-m/nofp\libc.a(lib_a-strtod.o)
 .rodata.__gethex.str1.4
                0x1000b350       0x9a c:/progra~2/gnuarm~1/102021~1.10/bin/../lib/gcc/arm-none-eabi/10.3.1/../../../../arm-none-eabi/lib/thumb/v6-m/nofp\libc.a(lib_a-gdtoa-gethex.o)
 *fill*         0x1000b3ea        0x2 
 .rodata.__hexdig
                0x1000b3ec      0x100 c:/progra~2/gnuarm~1/102021~1.10/bin/../lib/gcc/arm-none-eabi/10.3.1/../../../../arm-none-eabi/lib/thumb/v6-m/nofp\libc.a(lib_a-gdtoa-gethex.o)
                0x1000b3ec                __hexdig
 .rodata.str1.4
                0x1000b4ec        0x5 c:/progra~2/gnuarm~1/102021~1.10/bin/../lib/gcc/arm-none-eabi/10.3.1/../../../../arm-none-eabi/lib/thumb/v6-m/nofp\libc.a(lib_a-lnumeric.o)
 .rodata._C_numeric_locale
                0x1000b4ec        0xc c:/progra~2/gnuarm~1/102021~1.10/bin/../lib/gcc/arm-none-eabi/10.3.1/../../../../arm-none-eabi/lib/thumb/v6-m/nofp\libc.a(lib_a-lnumeric.o)
                0x1000b4ec                _C_numeric_locale
 .rodata.__multadd.str1.4
                0x1000b4f8       0x7f c:/progra~2/gnuarm~1/102021~1.10/bin/../lib/gcc/arm-none-eabi/10.3.1/../../../../arm-none-eabi/lib/thumb/v6-m/nofp\libc.a(lib_a-mprec.o)
                                 0x93 (size before relaxing)
 *fill*         0x1000b577        0x1 
 .rodata.__mprec_bigtens
                0x1000b578       0x28 c:/progra~2/gnuarm~1/102021~1.10/bin/../lib/gcc/arm-none-eabi/10.3.1/../../../../arm-none-eabi/lib/thumb/v6-m/nofp\libc.a(lib_a-mprec.o)
                0x1000b578                __mprec_bigtens
 .rodata.__mprec_tens
                0x1000b5a0       0xc8 c:/progra~2/gnuarm~1/102021~1.10/bin/../lib/gcc/arm-none-eabi/10.3.1/../../../../arm-none-eabi/lib/thumb/v6-m/nofp\libc.a(lib_a-mprec.o)
                0x1000b5a0                __mprec_tens
 .rodata.p05.0  0x1000b668        0xc c:/progra~2/gnuarm~1/102021~1.10/bin/../lib/gcc/arm-none-eabi/10.3.1/../../../../arm-none-eabi/lib/thumb/v6-m/nofp\libc.a(lib_a-mprec.o)
                0x1000b674                . = ALIGN (0x4)
 *(SORT_BY_ALIGNMENT(SORT_BY_NAME(.flashdata*)))
                0x1000b674                . = ALIGN (0x4)

.rel.dyn        0x1000b674        0x0
 .rel.iplt      0x1000b674        0x0 c:/progra~2/gnuarm~1/102021~1.10/bin/../lib/gcc/arm-none-eabi/10.3.1/thumb/v6-m/nofp/crtbegin.o

.ARM.extab
 *(.ARM.extab* .gnu.linkonce.armextab.*)
                0x1000b674                __exidx_start = .

.ARM.exidx
 *(.ARM.exidx* .gnu.linkonce.armexidx.*)
                0x1000b674                __exidx_end = .
                0x1000b674                . = ALIGN (0x4)
                0x1000b674                __binary_info_start = .

.binary_info    0x1000b674       0x20
 *(.binary_info.keep.*)
 .binary_info.keep.__bi_ptr22
                0x1000b674        0x4 CMakeFiles\tambourduine.dir\C_\Pico\pico-sdk\src\rp2_common\pico_standard_link\binary_info.c.obj
 .binary_info.keep.__bi_ptr30
                0x1000b678        0x4 CMakeFiles\tambourduine.dir\C_\Pico\pico-sdk\src\rp2_common\pico_standard_link\binary_info.c.obj
 .binary_info.keep.__bi_ptr38
                0x1000b67c        0x4 CMakeFiles\tambourduine.dir\C_\Pico\pico-sdk\src\rp2_common\pico_standard_link\binary_info.c.obj
 .binary_info.keep.__bi_ptr44
                0x1000b680        0x4 CMakeFiles\tambourduine.dir\C_\Pico\pico-sdk\src\rp2_common\pico_standard_link\binary_info.c.obj
 .binary_info.keep.__bi_ptr50
                0x1000b684        0x4 CMakeFiles\tambourduine.dir\C_\Pico\pico-sdk\src\rp2_common\pico_standard_link\binary_info.c.obj
 .binary_info.keep.__bi_ptr69
                0x1000b688        0x4 CMakeFiles\tambourduine.dir\C_\Pico\pico-sdk\src\rp2_common\pico_standard_link\binary_info.c.obj
 .binary_info.keep.__bi_ptr75
                0x1000b68c        0x4 CMakeFiles\tambourduine.dir\C_\Pico\pico-sdk\src\rp2_common\pico_standard_link\binary_info.c.obj
 .binary_info.keep.__bi_ptr81
                0x1000b690        0x4 CMakeFiles\tambourduine.dir\C_\Pico\pico-sdk\src\rp2_common\pico_standard_link\binary_info.c.obj
 *(.binary_info.*)
                0x1000b694                __binary_info_end = .
                0x1000b694                . = ALIGN (0x4)
                0x1000b694                __etext = .

.ram_vector_table
                0x20000000       0xc0
 *(.ram_vector_table)
 .ram_vector_table
                0x20000000       0xc0 CMakeFiles\tambourduine.dir\C_\Pico\pico-sdk\src\rp2_common\pico_runtime\runtime.c.obj
                0x20000000                ram_vector_table

.data           0x200000c0      0xbd4 load address 0x1000b694
                0x200000c0                __data_start__ = .
 *(vtable)
 *(.time_critical*)
 .time_critical.mutex_enter_blocking
                0x200000c0       0x48 CMakeFiles\tambourduine.dir\C_\Pico\pico-sdk\src\common\pico_sync\mutex.c.obj
                0x200000c0                mutex_enter_blocking
 .time_critical.mutex_try_enter
                0x20000108       0x44 CMakeFiles\tambourduine.dir\C_\Pico\pico-sdk\src\common\pico_sync\mutex.c.obj
                0x20000108                mutex_try_enter
 .time_critical.mutex_exit
                0x2000014c       0x28 CMakeFiles\tambourduine.dir\C_\Pico\pico-sdk\src\common\pico_sync\mutex.c.obj
                0x2000014c                mutex_exit
 *(.text*)
 .text          0x20000174        0x4 c:/progra~2/gnuarm~1/102021~1.10/bin/../lib/gcc/arm-none-eabi/10.3.1/thumb/v6-m/nofp\libgcc.a(_dvmd_tls.o)
                0x20000174                __aeabi_idiv0
                0x20000174                __aeabi_ldiv0
 .text.memmove  0x20000178       0xac c:/progra~2/gnuarm~1/102021~1.10/bin/../lib/gcc/arm-none-eabi/10.3.1/../../../../arm-none-eabi/lib/thumb/v6-m/nofp\libc.a(lib_a-memmove.o)
                0x20000178                memmove
                0x20000224                . = ALIGN (0x4)
 *(.rodata*)
                0x20000224                . = ALIGN (0x4)
 *(.data*)
 .data.striped_spin_lock_num
                0x20000224        0x1 CMakeFiles\tambourduine.dir\C_\Pico\pico-sdk\src\rp2_common\hardware_sync\sync.c.obj
 *fill*         0x20000225        0x3 
 .data.default_alarm_pool
                0x20000228       0x18 CMakeFiles\tambourduine.dir\C_\Pico\pico-sdk\src\common\pico_time\time.c.obj
 .data.default_alarm_pool_heap
                0x20000240       0x10 CMakeFiles\tambourduine.dir\C_\Pico\pico-sdk\src\common\pico_time\time.c.obj
 .data          0x20000250       0x48 CMakeFiles\tambourduine.dir\C_\Pico\pico-sdk\src\rp2_common\hardware_irq\irq_handler_chain.S.obj
                0x20000250                irq_handler_chain_slots
                0x20000280                irq_handler_chain_first_slot
                0x2000028a                irq_handler_chain_remove_tail
 *fill*         0x20000298        0x8 
 .data.aeabi_bits_funcs
                0x200002a0       0x10 CMakeFiles\tambourduine.dir\C_\Pico\pico-sdk\src\rp2_common\pico_bit_ops\bit_ops_aeabi.S.obj
                0x200002a0                aeabi_bits_funcs
                0x200002b0                aeabi_bits_funcs_end
 .data.aeabi_mem_funcs
                0x200002b0       0x10 CMakeFiles\tambourduine.dir\C_\Pico\pico-sdk\src\rp2_common\pico_mem_ops\mem_ops_aeabi.S.obj
                0x200002b0                aeabi_mem_funcs
                0x200002c0                aeabi_mem_funcs_end
 .data.clockDiv
                0x200002c0        0x4 ..\servo\libpico_servo.a(servo.c.obj)
                0x200002c0                clockDiv
 .data.wrap     0x200002c4        0x4 ..\servo\libpico_servo.a(servo.c.obj)
                0x200002c4                wrap
 .data._impure_ptr
                0x200002c8        0x4 c:/progra~2/gnuarm~1/102021~1.10/bin/../lib/gcc/arm-none-eabi/10.3.1/../../../../arm-none-eabi/lib/thumb/v6-m/nofp\libc.a(lib_a-impure.o)
                0x200002c8                _impure_ptr
 *fill*         0x200002cc        0x4 
 .data.impure_data
                0x200002d0      0x428 c:/progra~2/gnuarm~1/102021~1.10/bin/../lib/gcc/arm-none-eabi/10.3.1/../../../../arm-none-eabi/lib/thumb/v6-m/nofp\libc.a(lib_a-impure.o)
 .data.__malloc_av_
                0x200006f8      0x408 c:/progra~2/gnuarm~1/102021~1.10/bin/../lib/gcc/arm-none-eabi/10.3.1/../../../../arm-none-eabi/lib/thumb/v6-m/nofp\libc.a(lib_a-mallocr.o)
                0x200006f8                __malloc_av_
 .data.__malloc_sbrk_base
                0x20000b00        0x4 c:/progra~2/gnuarm~1/102021~1.10/bin/../lib/gcc/arm-none-eabi/10.3.1/../../../../arm-none-eabi/lib/thumb/v6-m/nofp\libc.a(lib_a-mallocr.o)
                0x20000b00                __malloc_sbrk_base
 .data.__malloc_trim_threshold
                0x20000b04        0x4 c:/progra~2/gnuarm~1/102021~1.10/bin/../lib/gcc/arm-none-eabi/10.3.1/../../../../arm-none-eabi/lib/thumb/v6-m/nofp\libc.a(lib_a-mallocr.o)
                0x20000b04                __malloc_trim_threshold
 .data.__global_locale
                0x20000b08      0x16c c:/progra~2/gnuarm~1/102021~1.10/bin/../lib/gcc/arm-none-eabi/10.3.1/../../../../arm-none-eabi/lib/thumb/v6-m/nofp\libc.a(lib_a-locale.o)
                0x20000b08                __global_locale
 .data.numempty
                0x20000c74        0x2 c:/progra~2/gnuarm~1/102021~1.10/bin/../lib/gcc/arm-none-eabi/10.3.1/../../../../arm-none-eabi/lib/thumb/v6-m/nofp\libc.a(lib_a-lnumeric.o)
                0x20000c78                . = ALIGN (0x4)
 *fill*         0x20000c76        0x2 
 *(.after_data.*)
                0x20000c78                . = ALIGN (0x4)
                0x20000c78                PROVIDE (__mutex_array_start = .)
 *(SORT_BY_NAME(.mutex_array.*))
 *(.mutex_array)
 .mutex_array   0x20000c78        0x8 CMakeFiles\tambourduine.dir\C_\Pico\pico-sdk\src\rp2_common\pico_stdio\stdio.c.obj
                0x20000c80                PROVIDE (__mutex_array_end = .)
                0x20000c80                . = ALIGN (0x4)
                0x20000c80                PROVIDE (__preinit_array_start = .)
 *(SORT_BY_NAME(.preinit_array.*))
 .preinit_array.00001
                0x20000c80        0x4 CMakeFiles\tambourduine.dir\C_\Pico\pico-sdk\src\rp2_common\pico_mem_ops\mem_ops_aeabi.S.obj
 .preinit_array.00010
                0x20000c84        0x4 CMakeFiles\tambourduine.dir\C_\Pico\pico-sdk\src\rp2_common\pico_bit_ops\bit_ops_aeabi.S.obj
 .preinit_array.00020
                0x20000c88        0x4 CMakeFiles\tambourduine.dir\C_\Pico\pico-sdk\src\rp2_common\pico_double\double_aeabi.S.obj
 .preinit_array.00020
                0x20000c8c        0x4 CMakeFiles\tambourduine.dir\C_\Pico\pico-sdk\src\rp2_common\pico_float\float_aeabi.S.obj
 *(.preinit_array)
                0x20000c90                PROVIDE (__preinit_array_end = .)
                0x20000c90                . = ALIGN (0x4)
                0x20000c90                PROVIDE (__init_array_start = .)
 *(SORT_BY_NAME(.init_array.*))
 *(.init_array)
 .init_array    0x20000c90        0x4 c:/progra~2/gnuarm~1/102021~1.10/bin/../lib/gcc/arm-none-eabi/10.3.1/thumb/v6-m/nofp/crtbegin.o
                0x20000c94                PROVIDE (__init_array_end = .)
                0x20000c94                . = ALIGN (0x4)
                [!provide]                PROVIDE (__fini_array_start = .)
 *(SORT_BY_NAME(.fini_array.*))
 *(.fini_array)
                [!provide]                PROVIDE (__fini_array_end = .)
 *(.jcr)
                0x20000c94                . = ALIGN (0x4)
                0x20000c94                __data_end__ = .

.igot.plt       0x20000c94        0x0 load address 0x1000c268
 .igot.plt      0x20000c94        0x0 c:/progra~2/gnuarm~1/102021~1.10/bin/../lib/gcc/arm-none-eabi/10.3.1/thumb/v6-m/nofp/crtbegin.o

.uninitialized_data
                0x20000c94        0x0 load address 0x1000c268
                0x20000c94                . = ALIGN (0x4)
 *(.uninitialized_data*)

.scratch_x      0x20040000        0x0 load address 0x1000c268
                0x20040000                __scratch_x_start__ = .
 *(.scratch_x.*)
                0x20040000                . = ALIGN (0x4)
                0x20040000                __scratch_x_end__ = .
                0x1000c268                __scratch_x_source__ = LOADADDR (.scratch_x)

.scratch_y      0x20041000        0x0 load address 0x1000c268
                0x20041000                __scratch_y_start__ = .
 *(.scratch_y.*)
                0x20041000                . = ALIGN (0x4)
                0x20041000                __scratch_y_end__ = .
                0x1000c268                __scratch_y_source__ = LOADADDR (.scratch_y)

.bss            0x20000c98      0x41c
                0x20000c98                . = ALIGN (0x4)
                0x20000c98                __bss_start__ = .
 *(SORT_BY_ALIGNMENT(SORT_BY_NAME(.bss*)))
 .bss.default_alarm_pool_entries
                0x20000c98      0x100 CMakeFiles\tambourduine.dir\C_\Pico\pico-sdk\src\common\pico_time\time.c.obj
 .bss.sd_table  0x20000d98      0x100 CMakeFiles\tambourduine.dir\C_\Pico\pico-sdk\src\rp2_common\pico_double\double_init_rom.c.obj
                0x20000d98                sd_table
 .bss.sf_table  0x20000e98      0x100 CMakeFiles\tambourduine.dir\C_\Pico\pico-sdk\src\rp2_common\pico_float\float_init_rom.c.obj
                0x20000e98                sf_table
 .bss           0x20000f98       0x1c c:/progra~2/gnuarm~1/102021~1.10/bin/../lib/gcc/arm-none-eabi/10.3.1/thumb/v6-m/nofp/crtbegin.o
 .bss.N         0x20000fb4        0x4 CMakeFiles\tambourduine.dir\tambourduine.c.obj
                0x20000fb4                N
 .bss.__lock___malloc_recursive_mutex
                0x20000fb8        0x1 c:/progra~2/gnuarm~1/102021~1.10/bin/../lib/gcc/arm-none-eabi/10.3.1/../../../../arm-none-eabi/lib/thumb/v6-m/nofp\libc.a(lib_a-lock.o)
                0x20000fb8                __lock___malloc_recursive_mutex
 *fill*         0x20000fb9        0x3 
 .bss.__lock___sfp_recursive_mutex
                0x20000fbc        0x1 c:/progra~2/gnuarm~1/102021~1.10/bin/../lib/gcc/arm-none-eabi/10.3.1/../../../../arm-none-eabi/lib/thumb/v6-m/nofp\libc.a(lib_a-lock.o)
                0x20000fbc                __lock___sfp_recursive_mutex
 *fill*         0x20000fbd        0x3 
 .bss.__lock___sinit_recursive_mutex
                0x20000fc0        0x1 c:/progra~2/gnuarm~1/102021~1.10/bin/../lib/gcc/arm-none-eabi/10.3.1/../../../../arm-none-eabi/lib/thumb/v6-m/nofp\libc.a(lib_a-lock.o)
                0x20000fc0                __lock___sinit_recursive_mutex
 *fill*         0x20000fc1        0x3 
 .bss.__malloc_current_mallinfo
                0x20000fc4       0x28 c:/progra~2/gnuarm~1/102021~1.10/bin/../lib/gcc/arm-none-eabi/10.3.1/../../../../arm-none-eabi/lib/thumb/v6-m/nofp\libc.a(lib_a-mallocr.o)
                0x20000fc4                __malloc_current_mallinfo
 .bss.__malloc_max_sbrked_mem
                0x20000fec        0x4 c:/progra~2/gnuarm~1/102021~1.10/bin/../lib/gcc/arm-none-eabi/10.3.1/../../../../arm-none-eabi/lib/thumb/v6-m/nofp\libc.a(lib_a-mallocr.o)
                0x20000fec                __malloc_max_sbrked_mem
 .bss.__malloc_max_total_mem
                0x20000ff0        0x4 c:/progra~2/gnuarm~1/102021~1.10/bin/../lib/gcc/arm-none-eabi/10.3.1/../../../../arm-none-eabi/lib/thumb/v6-m/nofp\libc.a(lib_a-mallocr.o)
                0x20000ff0                __malloc_max_total_mem
 .bss.__malloc_top_pad
                0x20000ff4        0x4 c:/progra~2/gnuarm~1/102021~1.10/bin/../lib/gcc/arm-none-eabi/10.3.1/../../../../arm-none-eabi/lib/thumb/v6-m/nofp\libc.a(lib_a-mallocr.o)
                0x20000ff4                __malloc_top_pad
 .bss.alarm_callbacks
                0x20000ff8       0x10 CMakeFiles\tambourduine.dir\C_\Pico\pico-sdk\src\rp2_common\hardware_timer\timer.c.obj
 .bss.configured_freq
                0x20001008       0x28 CMakeFiles\tambourduine.dir\C_\Pico\pico-sdk\src\rp2_common\hardware_clocks\clocks.c.obj
 .bss.default_alarm_pool_entry_ids_high
                0x20001030       0x10 CMakeFiles\tambourduine.dir\C_\Pico\pico-sdk\src\common\pico_time\time.c.obj
 .bss.default_alarm_pool_heap_nodes
                0x20001040       0x30 CMakeFiles\tambourduine.dir\C_\Pico\pico-sdk\src\common\pico_time\time.c.obj
 .bss.drivers   0x20001070        0x4 CMakeFiles\tambourduine.dir\C_\Pico\pico-sdk\src\rp2_common\pico_stdio\stdio.c.obj
 .bss.errno     0x20001074        0x4 c:/progra~2/gnuarm~1/102021~1.10/bin/../lib/gcc/arm-none-eabi/10.3.1/../../../../arm-none-eabi/lib/thumb/v6-m/nofp\libc.a(lib_a-reent.o)
                0x20001074                errno
 .bss.filter    0x20001078        0x4 CMakeFiles\tambourduine.dir\C_\Pico\pico-sdk\src\rp2_common\pico_stdio\stdio.c.obj
 .bss.heap_end.0
                0x2000107c        0x4 CMakeFiles\tambourduine.dir\C_\Pico\pico-sdk\src\rp2_common\pico_runtime\runtime.c.obj
 .bss.lazy_vsnprintf
                0x20001080        0x4 CMakeFiles\tambourduine.dir\C_\Pico\pico-sdk\src\rp2_common\pico_printf\printf.c.obj
 .bss.pools     0x20001084       0x10 CMakeFiles\tambourduine.dir\C_\Pico\pico-sdk\src\common\pico_time\time.c.obj
 .bss.sf_clz_func
                0x20001094        0x4 CMakeFiles\tambourduine.dir\C_\Pico\pico-sdk\src\rp2_common\pico_double\double_init_rom.c.obj
                0x20001094                sf_clz_func
 .bss.sleep_notifier
                0x20001098        0x4 CMakeFiles\tambourduine.dir\C_\Pico\pico-sdk\src\common\pico_time\time.c.obj
 .bss.target_hi
                0x2000109c       0x10 CMakeFiles\tambourduine.dir\C_\Pico\pico-sdk\src\rp2_common\hardware_timer\timer.c.obj
 .bss.tempo     0x200010ac        0x4 CMakeFiles\tambourduine.dir\tambourduine.c.obj
                0x200010ac                tempo
 .bss.claimed   0x200010b0        0x1 CMakeFiles\tambourduine.dir\C_\Pico\pico-sdk\src\rp2_common\hardware_timer\timer.c.obj
 .bss.irq_hander_chain_free_slot_head
                0x200010b1        0x1 CMakeFiles\tambourduine.dir\C_\Pico\pico-sdk\src\rp2_common\hardware_irq\irq.c.obj
 .bss.timer_callbacks_pending
                0x200010b2        0x1 CMakeFiles\tambourduine.dir\C_\Pico\pico-sdk\src\rp2_common\hardware_timer\timer.c.obj
 *(COMMON)
                0x200010b4                . = ALIGN (0x4)
 *fill*         0x200010b3        0x1 
                0x200010b4                __bss_end__ = .

.heap           0x200010b4      0x800
                0x200010b4                __end__ = .
                0x200010b4                end = __end__
 *(.heap*)
 .heap          0x200010b4      0x800 CMakeFiles\tambourduine.dir\C_\Pico\pico-sdk\src\rp2_common\pico_standard_link\crt0.S.obj
                0x200018b4                __HeapLimit = .

.stack1_dummy   0x20040000        0x0
 *(.stack1*)

.stack_dummy    0x20041000      0x800
 *(.stack*)
 .stack         0x20041000      0x800 CMakeFiles\tambourduine.dir\C_\Pico\pico-sdk\src\rp2_common\pico_standard_link\crt0.S.obj

.flash_end      0x1000c268        0x0
                0x1000c268                __flash_binary_end = .
                0x20040000                __StackLimit = (ORIGIN (RAM) + LENGTH (RAM))
                0x20041000                __StackOneTop = (ORIGIN (SCRATCH_X) + LENGTH (SCRATCH_X))
                0x20042000                __StackTop = (ORIGIN (SCRATCH_Y) + LENGTH (SCRATCH_Y))
                0x20041000                __StackOneBottom = (__StackOneTop - SIZEOF (.stack1_dummy))
                0x20041800                __StackBottom = (__StackTop - SIZEOF (.stack_dummy))
                0x20042000                PROVIDE (__stack = __StackTop)
                0x00000001                ASSERT ((__StackLimit >= __HeapLimit), region RAM overflowed)
                0x00000001                ASSERT (((__binary_info_header_end - __logical_binary_start) <= 0x100), Binary info must be in first 256 bytes of the binary)
LOAD CMakeFiles\tambourduine.dir\main.c.obj
LOAD CMakeFiles\tambourduine.dir\tambourduine.c.obj
LOAD CMakeFiles\tambourduine.dir\C_\Pico\pico-sdk\src\rp2_common\pico_stdlib\stdlib.c.obj
LOAD CMakeFiles\tambourduine.dir\C_\Pico\pico-sdk\src\rp2_common\hardware_gpio\gpio.c.obj
LOAD CMakeFiles\tambourduine.dir\C_\Pico\pico-sdk\src\rp2_common\hardware_claim\claim.c.obj
LOAD CMakeFiles\tambourduine.dir\C_\Pico\pico-sdk\src\rp2_common\pico_platform\platform.c.obj
LOAD CMakeFiles\tambourduine.dir\C_\Pico\pico-sdk\src\rp2_common\hardware_sync\sync.c.obj
LOAD CMakeFiles\tambourduine.dir\C_\Pico\pico-sdk\src\rp2_common\hardware_uart\uart.c.obj
LOAD CMakeFiles\tambourduine.dir\C_\Pico\pico-sdk\src\rp2_common\hardware_divider\divider.S.obj
LOAD CMakeFiles\tambourduine.dir\C_\Pico\pico-sdk\src\common\pico_time\time.c.obj
LOAD CMakeFiles\tambourduine.dir\C_\Pico\pico-sdk\src\common\pico_time\timeout_helper.c.obj
LOAD CMakeFiles\tambourduine.dir\C_\Pico\pico-sdk\src\rp2_common\hardware_timer\timer.c.obj
LOAD CMakeFiles\tambourduine.dir\C_\Pico\pico-sdk\src\common\pico_sync\sem.c.obj
LOAD CMakeFiles\tambourduine.dir\C_\Pico\pico-sdk\src\common\pico_sync\lock_core.c.obj
LOAD CMakeFiles\tambourduine.dir\C_\Pico\pico-sdk\src\common\pico_sync\mutex.c.obj
LOAD CMakeFiles\tambourduine.dir\C_\Pico\pico-sdk\src\common\pico_sync\critical_section.c.obj
LOAD CMakeFiles\tambourduine.dir\C_\Pico\pico-sdk\src\common\pico_util\datetime.c.obj
LOAD CMakeFiles\tambourduine.dir\C_\Pico\pico-sdk\src\common\pico_util\pheap.c.obj
LOAD CMakeFiles\tambourduine.dir\C_\Pico\pico-sdk\src\common\pico_util\queue.c.obj
LOAD CMakeFiles\tambourduine.dir\C_\Pico\pico-sdk\src\rp2_common\pico_runtime\runtime.c.obj
LOAD CMakeFiles\tambourduine.dir\C_\Pico\pico-sdk\src\rp2_common\hardware_clocks\clocks.c.obj
LOAD CMakeFiles\tambourduine.dir\C_\Pico\pico-sdk\src\rp2_common\hardware_irq\irq.c.obj
LOAD CMakeFiles\tambourduine.dir\C_\Pico\pico-sdk\src\rp2_common\hardware_irq\irq_handler_chain.S.obj
LOAD CMakeFiles\tambourduine.dir\C_\Pico\pico-sdk\src\rp2_common\hardware_pll\pll.c.obj
LOAD CMakeFiles\tambourduine.dir\C_\Pico\pico-sdk\src\rp2_common\hardware_vreg\vreg.c.obj
LOAD CMakeFiles\tambourduine.dir\C_\Pico\pico-sdk\src\rp2_common\hardware_watchdog\watchdog.c.obj
LOAD CMakeFiles\tambourduine.dir\C_\Pico\pico-sdk\src\rp2_common\hardware_xosc\xosc.c.obj
LOAD CMakeFiles\tambourduine.dir\C_\Pico\pico-sdk\src\rp2_common\pico_printf\printf.c.obj
LOAD CMakeFiles\tambourduine.dir\C_\Pico\pico-sdk\src\rp2_common\pico_bit_ops\bit_ops_aeabi.S.obj
LOAD CMakeFiles\tambourduine.dir\C_\Pico\pico-sdk\src\rp2_common\pico_bootrom\bootrom.c.obj
LOAD CMakeFiles\tambourduine.dir\C_\Pico\pico-sdk\src\rp2_common\pico_divider\divider.S.obj
LOAD CMakeFiles\tambourduine.dir\C_\Pico\pico-sdk\src\rp2_common\pico_double\double_aeabi.S.obj
LOAD CMakeFiles\tambourduine.dir\C_\Pico\pico-sdk\src\rp2_common\pico_double\double_init_rom.c.obj
LOAD CMakeFiles\tambourduine.dir\C_\Pico\pico-sdk\src\rp2_common\pico_double\double_math.c.obj
LOAD CMakeFiles\tambourduine.dir\C_\Pico\pico-sdk\src\rp2_common\pico_double\double_v1_rom_shim.S.obj
LOAD CMakeFiles\tambourduine.dir\C_\Pico\pico-sdk\src\rp2_common\pico_int64_ops\pico_int64_ops_aeabi.S.obj
LOAD CMakeFiles\tambourduine.dir\C_\Pico\pico-sdk\src\rp2_common\pico_float\float_aeabi.S.obj
LOAD CMakeFiles\tambourduine.dir\C_\Pico\pico-sdk\src\rp2_common\pico_float\float_init_rom.c.obj
LOAD CMakeFiles\tambourduine.dir\C_\Pico\pico-sdk\src\rp2_common\pico_float\float_math.c.obj
LOAD CMakeFiles\tambourduine.dir\C_\Pico\pico-sdk\src\rp2_common\pico_float\float_v1_rom_shim.S.obj
LOAD CMakeFiles\tambourduine.dir\C_\Pico\pico-sdk\src\rp2_common\pico_malloc\pico_malloc.c.obj
LOAD CMakeFiles\tambourduine.dir\C_\Pico\pico-sdk\src\rp2_common\pico_mem_ops\mem_ops_aeabi.S.obj
LOAD CMakeFiles\tambourduine.dir\C_\Pico\pico-sdk\src\rp2_common\pico_standard_link\crt0.S.obj
LOAD CMakeFiles\tambourduine.dir\C_\Pico\pico-sdk\src\rp2_common\pico_standard_link\new_delete.cpp.obj
LOAD CMakeFiles\tambourduine.dir\C_\Pico\pico-sdk\src\rp2_common\pico_standard_link\binary_info.c.obj
LOAD CMakeFiles\tambourduine.dir\C_\Pico\pico-sdk\src\rp2_common\pico_stdio\stdio.c.obj
LOAD ..\servo\libpico_servo.a
LOAD C:\Users\neyss\AppData\Local\Temp\ccAlajFn.o
LOAD c:/progra~2/gnuarm~1/102021~1.10/bin/../lib/gcc/arm-none-eabi/10.3.1/../../../../arm-none-eabi/lib/thumb/v6-m/nofp\libstdc++.a
LOAD c:/progra~2/gnuarm~1/102021~1.10/bin/../lib/gcc/arm-none-eabi/10.3.1/../../../../arm-none-eabi/lib/thumb/v6-m/nofp\libm.a
START GROUP
LOAD c:/progra~2/gnuarm~1/102021~1.10/bin/../lib/gcc/arm-none-eabi/10.3.1/thumb/v6-m/nofp\libgcc.a
LOAD c:/progra~2/gnuarm~1/102021~1.10/bin/../lib/gcc/arm-none-eabi/10.3.1/../../../../arm-none-eabi/lib/thumb/v6-m/nofp\libc.a
END GROUP
START GROUP
LOAD c:/progra~2/gnuarm~1/102021~1.10/bin/../lib/gcc/arm-none-eabi/10.3.1/thumb/v6-m/nofp\libgcc.a
LOAD c:/progra~2/gnuarm~1/102021~1.10/bin/../lib/gcc/arm-none-eabi/10.3.1/../../../../arm-none-eabi/lib/thumb/v6-m/nofp\libc.a
LOAD c:/progra~2/gnuarm~1/102021~1.10/bin/../lib/gcc/arm-none-eabi/10.3.1/../../../../arm-none-eabi/lib/thumb/v6-m/nofp\libnosys.a
END GROUP
LOAD c:/progra~2/gnuarm~1/102021~1.10/bin/../lib/gcc/arm-none-eabi/10.3.1/thumb/v6-m/nofp/crtend.o
LOAD c:/progra~2/gnuarm~1/102021~1.10/bin/../lib/gcc/arm-none-eabi/10.3.1/thumb/v6-m/nofp/crtn.o
OUTPUT(tambourduine.elf elf32-littlearm)
LOAD linker stubs

.ARM.attributes
                0x00000000       0x28
 .ARM.attributes
                0x00000000       0x1e c:/progra~2/gnuarm~1/102021~1.10/bin/../lib/gcc/arm-none-eabi/10.3.1/thumb/v6-m/nofp/crti.o
 .ARM.attributes
                0x0000001e       0x2c c:/progra~2/gnuarm~1/102021~1.10/bin/../lib/gcc/arm-none-eabi/10.3.1/thumb/v6-m/nofp/crtbegin.o
 .ARM.attributes
                0x0000004a       0x2c CMakeFiles\tambourduine.dir\main.c.obj
 .ARM.attributes
                0x00000076       0x2c CMakeFiles\tambourduine.dir\tambourduine.c.obj
 .ARM.attributes
                0x000000a2       0x2c CMakeFiles\tambourduine.dir\C_\Pico\pico-sdk\src\rp2_common\hardware_gpio\gpio.c.obj
 .ARM.attributes
                0x000000ce       0x2c CMakeFiles\tambourduine.dir\C_\Pico\pico-sdk\src\rp2_common\hardware_claim\claim.c.obj
 .ARM.attributes
                0x000000fa       0x2c CMakeFiles\tambourduine.dir\C_\Pico\pico-sdk\src\rp2_common\pico_platform\platform.c.obj
 .ARM.attributes
                0x00000126       0x2c CMakeFiles\tambourduine.dir\C_\Pico\pico-sdk\src\rp2_common\hardware_sync\sync.c.obj
 .ARM.attributes
                0x00000152       0x2c CMakeFiles\tambourduine.dir\C_\Pico\pico-sdk\src\common\pico_time\time.c.obj
 .ARM.attributes
                0x0000017e       0x2c CMakeFiles\tambourduine.dir\C_\Pico\pico-sdk\src\rp2_common\hardware_timer\timer.c.obj
 .ARM.attributes
                0x000001aa       0x2c CMakeFiles\tambourduine.dir\C_\Pico\pico-sdk\src\common\pico_sync\lock_core.c.obj
 .ARM.attributes
                0x000001d6       0x2c CMakeFiles\tambourduine.dir\C_\Pico\pico-sdk\src\common\pico_sync\mutex.c.obj
 .ARM.attributes
                0x00000202       0x2c CMakeFiles\tambourduine.dir\C_\Pico\pico-sdk\src\common\pico_util\pheap.c.obj
 .ARM.attributes
                0x0000022e       0x2c CMakeFiles\tambourduine.dir\C_\Pico\pico-sdk\src\rp2_common\pico_runtime\runtime.c.obj
 .ARM.attributes
                0x0000025a       0x2c CMakeFiles\tambourduine.dir\C_\Pico\pico-sdk\src\rp2_common\hardware_clocks\clocks.c.obj
 .ARM.attributes
                0x00000286       0x2c CMakeFiles\tambourduine.dir\C_\Pico\pico-sdk\src\rp2_common\hardware_irq\irq.c.obj
 .ARM.attributes
                0x000002b2       0x22 CMakeFiles\tambourduine.dir\C_\Pico\pico-sdk\src\rp2_common\hardware_irq\irq_handler_chain.S.obj
 .ARM.attributes
                0x000002d4       0x2c CMakeFiles\tambourduine.dir\C_\Pico\pico-sdk\src\rp2_common\hardware_pll\pll.c.obj
 .ARM.attributes
                0x00000300       0x2c CMakeFiles\tambourduine.dir\C_\Pico\pico-sdk\src\rp2_common\hardware_watchdog\watchdog.c.obj
 .ARM.attributes
                0x0000032c       0x2c CMakeFiles\tambourduine.dir\C_\Pico\pico-sdk\src\rp2_common\hardware_xosc\xosc.c.obj
 .ARM.attributes
                0x00000358       0x2c CMakeFiles\tambourduine.dir\C_\Pico\pico-sdk\src\rp2_common\pico_printf\printf.c.obj
 .ARM.attributes
                0x00000384       0x22 CMakeFiles\tambourduine.dir\C_\Pico\pico-sdk\src\rp2_common\pico_bit_ops\bit_ops_aeabi.S.obj
 .ARM.attributes
                0x000003a6       0x2c CMakeFiles\tambourduine.dir\C_\Pico\pico-sdk\src\rp2_common\pico_bootrom\bootrom.c.obj
 .ARM.attributes
                0x000003d2       0x22 CMakeFiles\tambourduine.dir\C_\Pico\pico-sdk\src\rp2_common\pico_divider\divider.S.obj
 .ARM.attributes
                0x000003f4       0x22 CMakeFiles\tambourduine.dir\C_\Pico\pico-sdk\src\rp2_common\pico_double\double_aeabi.S.obj
 .ARM.attributes
                0x00000416       0x2c CMakeFiles\tambourduine.dir\C_\Pico\pico-sdk\src\rp2_common\pico_double\double_init_rom.c.obj
 .ARM.attributes
                0x00000442       0x22 CMakeFiles\tambourduine.dir\C_\Pico\pico-sdk\src\rp2_common\pico_double\double_v1_rom_shim.S.obj
 .ARM.attributes
                0x00000464       0x22 CMakeFiles\tambourduine.dir\C_\Pico\pico-sdk\src\rp2_common\pico_int64_ops\pico_int64_ops_aeabi.S.obj
 .ARM.attributes
                0x00000486       0x22 CMakeFiles\tambourduine.dir\C_\Pico\pico-sdk\src\rp2_common\pico_float\float_aeabi.S.obj
 .ARM.attributes
                0x000004a8       0x2c CMakeFiles\tambourduine.dir\C_\Pico\pico-sdk\src\rp2_common\pico_float\float_init_rom.c.obj
 .ARM.attributes
                0x000004d4       0x22 CMakeFiles\tambourduine.dir\C_\Pico\pico-sdk\src\rp2_common\pico_float\float_v1_rom_shim.S.obj
 .ARM.attributes
                0x000004f6       0x2c CMakeFiles\tambourduine.dir\C_\Pico\pico-sdk\src\rp2_common\pico_malloc\pico_malloc.c.obj
 .ARM.attributes
                0x00000522       0x22 CMakeFiles\tambourduine.dir\C_\Pico\pico-sdk\src\rp2_common\pico_mem_ops\mem_ops_aeabi.S.obj
 .ARM.attributes
                0x00000544       0x22 CMakeFiles\tambourduine.dir\C_\Pico\pico-sdk\src\rp2_common\pico_standard_link\crt0.S.obj
 .ARM.attributes
                0x00000566       0x2c CMakeFiles\tambourduine.dir\C_\Pico\pico-sdk\src\rp2_common\pico_standard_link\binary_info.c.obj
 .ARM.attributes